Archive member included to satisfy reference by file (symbol)

c:/program files (x86)/arm gnu toolchain arm-none-eabi/11.2 2022.02/bin/../lib/gcc/arm-none-eabi/11.2.1/thumb/v7e-m+fp/hard\libc_nano.a(lib_a-atof.o)
                              ./Core/Src/fsm.o (atof)
c:/program files (x86)/arm gnu toolchain arm-none-eabi/11.2 2022.02/bin/../lib/gcc/arm-none-eabi/11.2.1/thumb/v7e-m+fp/hard\libc_nano.a(lib_a-atoi.o)
                              ./Core/Src/fsm.o (atoi)
c:/program files (x86)/arm gnu toolchain arm-none-eabi/11.2 2022.02/bin/../lib/gcc/arm-none-eabi/11.2.1/thumb/v7e-m+fp/hard\libc_nano.a(lib_a-errno.o)
                              ./Core/Src/syscalls.o (__errno)
c:/program files (x86)/arm gnu toolchain arm-none-eabi/11.2 2022.02/bin/../lib/gcc/arm-none-eabi/11.2.1/thumb/v7e-m+fp/hard\libc_nano.a(lib_a-exit.o)
                              c:/program files (x86)/arm gnu toolchain arm-none-eabi/11.2 2022.02/bin/../lib/gcc/arm-none-eabi/11.2.1/thumb/v7e-m+fp/hard/crt0.o (exit)
c:/program files (x86)/arm gnu toolchain arm-none-eabi/11.2 2022.02/bin/../lib/gcc/arm-none-eabi/11.2.1/thumb/v7e-m+fp/hard\libc_nano.a(lib_a-impure.o)
                              c:/program files (x86)/arm gnu toolchain arm-none-eabi/11.2 2022.02/bin/../lib/gcc/arm-none-eabi/11.2.1/thumb/v7e-m+fp/hard\libc_nano.a(lib_a-exit.o) (_global_impure_ptr)
c:/program files (x86)/arm gnu toolchain arm-none-eabi/11.2 2022.02/bin/../lib/gcc/arm-none-eabi/11.2.1/thumb/v7e-m+fp/hard\libc_nano.a(lib_a-init.o)
                              c:/program files (x86)/arm gnu toolchain arm-none-eabi/11.2 2022.02/bin/../lib/gcc/arm-none-eabi/11.2.1/thumb/v7e-m+fp/hard/crt0.o (__libc_init_array)
c:/program files (x86)/arm gnu toolchain arm-none-eabi/11.2 2022.02/bin/../lib/gcc/arm-none-eabi/11.2.1/thumb/v7e-m+fp/hard\libc_nano.a(lib_a-memcpy-stub.o)
                              ./Core/Src/fsm.o (memcpy)
c:/program files (x86)/arm gnu toolchain arm-none-eabi/11.2 2022.02/bin/../lib/gcc/arm-none-eabi/11.2.1/thumb/v7e-m+fp/hard\libc_nano.a(lib_a-memmove.o)
                              ./Core/Src/position_sensor.o (memmove)
c:/program files (x86)/arm gnu toolchain arm-none-eabi/11.2 2022.02/bin/../lib/gcc/arm-none-eabi/11.2.1/thumb/v7e-m+fp/hard\libc_nano.a(lib_a-memset.o)
                              c:/program files (x86)/arm gnu toolchain arm-none-eabi/11.2 2022.02/bin/../lib/gcc/arm-none-eabi/11.2.1/thumb/v7e-m+fp/hard/crt0.o (memset)
c:/program files (x86)/arm gnu toolchain arm-none-eabi/11.2 2022.02/bin/../lib/gcc/arm-none-eabi/11.2.1/thumb/v7e-m+fp/hard\libc_nano.a(lib_a-nano-vfprintf_float.o)
                              (_printf_float)
c:/program files (x86)/arm gnu toolchain arm-none-eabi/11.2 2022.02/bin/../lib/gcc/arm-none-eabi/11.2.1/thumb/v7e-m+fp/hard\libc_nano.a(lib_a-nano-vfprintf_i.o)
                              c:/program files (x86)/arm gnu toolchain arm-none-eabi/11.2 2022.02/bin/../lib/gcc/arm-none-eabi/11.2.1/thumb/v7e-m+fp/hard\libc_nano.a(lib_a-nano-vfprintf_float.o) (_printf_common)
c:/program files (x86)/arm gnu toolchain arm-none-eabi/11.2 2022.02/bin/../lib/gcc/arm-none-eabi/11.2.1/thumb/v7e-m+fp/hard\libc_nano.a(lib_a-printf.o)
                              ./Core/Src/calibration.o (printf)
c:/program files (x86)/arm gnu toolchain arm-none-eabi/11.2 2022.02/bin/../lib/gcc/arm-none-eabi/11.2.1/thumb/v7e-m+fp/hard\libc_nano.a(lib_a-puts.o)
                              ./Core/Src/calibration.o (puts)
c:/program files (x86)/arm gnu toolchain arm-none-eabi/11.2 2022.02/bin/../lib/gcc/arm-none-eabi/11.2.1/thumb/v7e-m+fp/hard\libc_nano.a(lib_a-strlen.o)
                              c:/program files (x86)/arm gnu toolchain arm-none-eabi/11.2 2022.02/bin/../lib/gcc/arm-none-eabi/11.2.1/thumb/v7e-m+fp/hard\libc_nano.a(lib_a-nano-vfprintf_float.o) (strlen)
c:/program files (x86)/arm gnu toolchain arm-none-eabi/11.2 2022.02/bin/../lib/gcc/arm-none-eabi/11.2.1/thumb/v7e-m+fp/hard\libc_nano.a(lib_a-strtod.o)
                              c:/program files (x86)/arm gnu toolchain arm-none-eabi/11.2 2022.02/bin/../lib/gcc/arm-none-eabi/11.2.1/thumb/v7e-m+fp/hard\libc_nano.a(lib_a-atof.o) (strtod)
c:/program files (x86)/arm gnu toolchain arm-none-eabi/11.2 2022.02/bin/../lib/gcc/arm-none-eabi/11.2.1/thumb/v7e-m+fp/hard\libc_nano.a(lib_a-strtol.o)
                              c:/program files (x86)/arm gnu toolchain arm-none-eabi/11.2 2022.02/bin/../lib/gcc/arm-none-eabi/11.2.1/thumb/v7e-m+fp/hard\libc_nano.a(lib_a-atoi.o) (_strtol_r)
c:/program files (x86)/arm gnu toolchain arm-none-eabi/11.2 2022.02/bin/../lib/gcc/arm-none-eabi/11.2.1/thumb/v7e-m+fp/hard\libc_nano.a(lib_a-wbuf.o)
                              c:/program files (x86)/arm gnu toolchain arm-none-eabi/11.2 2022.02/bin/../lib/gcc/arm-none-eabi/11.2.1/thumb/v7e-m+fp/hard\libc_nano.a(lib_a-puts.o) (__swbuf_r)
c:/program files (x86)/arm gnu toolchain arm-none-eabi/11.2 2022.02/bin/../lib/gcc/arm-none-eabi/11.2.1/thumb/v7e-m+fp/hard\libc_nano.a(lib_a-wsetup.o)
[...]
Memory Configuration

Name             Origin             Length             Attributes
RAM              0x20000000         0x00020000         xrw
FLASH            0x08000000         0x00080000         xr
*default*        0x00000000         0xffffffff

Linker script and memory map

LOAD c:/program files (x86)/arm gnu toolchain arm-none-eabi/11.2 2022.02/bin/../lib/gcc/arm-none-eabi/11.2.1/thumb/v7e-m+fp/hard/crti.o
LOAD c:/program files (x86)/arm gnu toolchain arm-none-eabi/11.2 2022.02/bin/../lib/gcc/arm-none-eabi/11.2.1/thumb/v7e-m+fp/hard/crtbegin.o
LOAD c:/program files (x86)/arm gnu toolchain arm-none-eabi/11.2 2022.02/bin/../lib/gcc/arm-none-eabi/11.2.1/thumb/v7e-m+fp/hard/crt0.o
LOAD ./Core/Src/adc.o
LOAD ./Core/Src/calibration.o
LOAD ./Core/Src/can.o
LOAD ./Core/Src/drv8323.o
LOAD ./Core/Src/flash_writer.o
LOAD ./Core/Src/foc.o
LOAD ./Core/Src/fsm.o
LOAD ./Core/Src/gpio.o
LOAD ./Core/Src/main.o
LOAD ./Core/Src/math_ops.o
LOAD ./Core/Src/position_sensor.o
LOAD ./Core/Src/preference_writer.o
LOAD ./Core/Src/spi.o
LOAD ./Core/Src/stm32f4xx_flash.o
LOAD ./Core/Src/stm32f4xx_hal_msp.o
LOAD ./Core/Src/stm32f4xx_it.o
LOAD ./Core/Src/syscalls.o
LOAD ./Core/Src/sysmem.o
LOAD ./Core/Src/system_stm32f4xx.o
LOAD ./Core/Src/tim.o
LOAD ./Core/Src/usart.o
LOAD ./Core/Startup/startup_stm32f446retx.o
LOAD ./Drivers/STM32F4xx_HAL_Driver/Src/stm32f4xx_hal.o
LOAD ./Drivers/STM32F4xx_HAL_Driver/Src/stm32f4xx_hal_adc.o
LOAD ./Drivers/STM32F4xx_HAL_Driver/Src/stm32f4xx_hal_adc_ex.o
LOAD ./Drivers/STM32F4xx_HAL_Driver/Src/stm32f4xx_hal_can.o
LOAD ./Drivers/STM32F4xx_HAL_Driver/Src/stm32f4xx_hal_cortex.o
LOAD ./Drivers/STM32F4xx_HAL_Driver/Src/stm32f4xx_hal_dma.o
LOAD ./Drivers/STM32F4xx_HAL_Driver/Src/stm32f4xx_hal_dma_ex.o
LOAD ./Drivers/STM32F4xx_HAL_Driver/Src/stm32f4xx_hal_exti.o
LOAD ./Drivers/STM32F4xx_HAL_Driver/Src/stm32f4xx_hal_flash.o
LOAD ./Drivers/STM32F4xx_HAL_Driver/Src/stm32f4xx_hal_flash_ex.o
LOAD ./Drivers/STM32F4xx_HAL_Driver/Src/stm32f4xx_hal_flash_ramfunc.o
LOAD ./Drivers/STM32F4xx_HAL_Driver/Src/stm32f4xx_hal_gpio.o
LOAD ./Drivers/STM32F4xx_HAL_Driver/Src/stm32f4xx_hal_pwr.o
LOAD ./Drivers/STM32F4xx_HAL_Driver/Src/stm32f4xx_hal_pwr_ex.o
LOAD ./Drivers/STM32F4xx_HAL_Driver/Src/stm32f4xx_hal_rcc.o
LOAD ./Drivers/STM32F4xx_HAL_Driver/Src/stm32f4xx_hal_rcc_ex.o
LOAD ./Drivers/STM32F4xx_HAL_Driver/Src/stm32f4xx_hal_spi.o
LOAD ./Drivers/STM32F4xx_HAL_Driver/Src/stm32f4xx_hal_tim.o
LOAD ./Drivers/STM32F4xx_HAL_Driver/Src/stm32f4xx_hal_tim_ex.o
LOAD ./Drivers/STM32F4xx_HAL_Driver/Src/stm32f4xx_hal_uart.o
LOAD ./Drivers/STM32F4xx_HAL_Driver/Src/stm32f4xx_ll_adc.o
START GROUP
LOAD c:/program files (x86)/arm gnu toolchain arm-none-eabi/11.2 2022.02/bin/../lib/gcc/arm-none-eabi/11.2.1/thumb/v7e-m+fp/hard\libc_nano.a
LOAD c:/program files (x86)/arm gnu toolchain arm-none-eabi/11.2 2022.02/bin/../lib/gcc/arm-none-eabi/11.2.1/thumb/v7e-m+fp/hard\libm.a
END GROUP
START GROUP
LOAD c:/program files (x86)/arm gnu toolchain arm-none-eabi/11.2 2022.02/bin/../lib/gcc/arm-none-eabi/11.2.1/thumb/v7e-m+fp/hard\libgcc.a
LOAD c:/program files (x86)/arm gnu toolchain arm-none-eabi/11.2 2022.02/bin/../lib/gcc/arm-none-eabi/11.2.1/thumb/v7e-m+fp/hard\libc_nano.a
END GROUP
START GROUP
LOAD c:/program files (x86)/arm gnu toolchain arm-none-eabi/11.2 2022.02/bin/../lib/gcc/arm-none-eabi/11.2.1/thumb/v7e-m+fp/hard\libgcc.a
LOAD c:/program files (x86)/arm gnu toolchain arm-none-eabi/11.2 2022.02/bin/../lib/gcc/arm-none-eabi/11.2.1/thumb/v7e-m+fp/hard\libc_nano.a
LOAD c:/program files (x86)/arm gnu toolchain arm-none-eabi/11.2 2022.02/bin/../lib/gcc/arm-none-eabi/11.2.1/thumb/v7e-m+fp/hard\libnosys.a
END GROUP
START GROUP
LOAD c:/program files (x86)/arm gnu toolchain arm-none-eabi/11.2 2022.02/bin/../lib/gcc/arm-none-eabi/11.2.1/thumb/v7e-m+fp/hard\libgcc.a
LOAD c:/program files (x86)/arm gnu toolchain arm-none-eabi/11.2 2022.02/bin/../lib/gcc/arm-none-eabi/11.2.1/thumb/v7e-m+fp/hard\libc_nano.a
LOAD c:/program files (x86)/arm gnu toolchain arm-none-eabi/11.2 2022.02/bin/../lib/gcc/arm-none-eabi/11.2.1/thumb/v7e-m+fp/hard\libnosys.a
END GROUP
LOAD c:/program files (x86)/arm gnu toolchain arm-none-eabi/11.2 2022.02/bin/../lib/gcc/arm-none-eabi/11.2.1/thumb/v7e-m+fp/hard/crtend.o
LOAD c:/program files (x86)/arm gnu toolchain arm-none-eabi/11.2 2022.02/bin/../lib/gcc/arm-none-eabi/11.2.1/thumb/v7e-m+fp/hard/crtn.o
                0x20020000                _estack = (ORIGIN (RAM) + LENGTH (RAM))
                0x00000200                _Min_Heap_Size = 0x200
                0x00000400                _Min_Stack_Size = 0x400

.isr_vector     0x08000000      0x1c4
                0x08000000                . = ALIGN (0x4)
 *(.isr_vector)
 .isr_vector    0x08000000      0x1c4 ./Core/Startup/startup_stm32f446retx.o
                0x08000000                g_pfnVectors
                0x080001c4                . = ALIGN (0x4)

.text           0x080001d0     0xb304
                0x080001d0                . = ALIGN (0x4)
 *(.text)
 .text          0x080001d0       0x10 c:/program files (x86)/arm gnu toolchain arm-none-eabi/11.2 2022.02/bin/../lib/gcc/arm-none-eabi/11.2.1/thumb/v7e-m+fp/hard\libc_nano.a(lib_a-strlen.o)
                0x080001d0                strlen
 .text          0x080001e0       0xa0 c:/program files (x86)/arm gnu toolchain arm-none-eabi/11.2 2022.02/bin/../lib/gcc/arm-none-eabi/11.2.1/thumb/v7e-m+fp/hard\libc_nano.a(lib_a-memchr.o)
                0x080001e0                memchr
 .text          0x08000280      0x378 c:/program files (x86)/arm gnu toolchain arm-none-eabi/11.2 2022.02/bin/../lib/gcc/arm-none-eabi/11.2.1/thumb/v7e-m+fp/hard\libgcc.a(_arm_addsubdf3.o)
                0x08000280                __aeabi_drsub
                0x08000288                __aeabi_dsub
                0x08000288                __subdf3
                0x0800028c                __aeabi_dadd
                0x0800028c                __adddf3
                0x08000504                __floatunsidf
                0x08000504                __aeabi_ui2d
                0x08000524                __floatsidf
                0x08000524                __aeabi_i2d
                0x08000548                __aeabi_f2d
                0x08000548                __extendsfdf2
                0x0800058c                __floatundidf
                0x0800058c                __aeabi_ul2d
                0x0800059c                __floatdidf
                0x0800059c                __aeabi_l2d
 .text          0x080005f8      0x424 c:/program files (x86)/arm gnu toolchain arm-none-eabi/11.2 2022.02/bin/../lib/gcc/arm-none-eabi/11.2.1/thumb/v7e-m+fp/hard\libgcc.a(_arm_muldivdf3.o)
                0x080005f8                __aeabi_dmul
                0x080005f8                __muldf3
                0x0800084c                __divdf3
                0x0800084c                __aeabi_ddiv
 .text          0x08000a1c      0x110 c:/program files (x86)/arm gnu toolchain arm-none-eabi/11.2 2022.02/bin/../lib/gcc/arm-none-eabi/11.2.1/thumb/v7e-m+fp/hard\libgcc.a(_arm_cmpdf2.o)
                0x08000a1c                __gtdf2
                0x08000a1c                __gedf2
                0x08000a24                __ltdf2
                0x08000a24                __ledf2
                0x08000a2c                __nedf2
                0x08000a2c                __eqdf2
                0x08000a2c                __cmpdf2
                0x08000aa8                __aeabi_cdrcmple
                0x08000ab8                __aeabi_cdcmpeq
                0x08000ab8                __aeabi_cdcmple
                0x08000ac8                __aeabi_dcmpeq
                0x08000adc                __aeabi_dcmplt
                0x08000af0                __aeabi_dcmple
                0x08000b04                __aeabi_dcmpge
                0x08000b18                __aeabi_dcmpgt
 .text          0x08000b2c       0x2c c:/program files (x86)/arm gnu toolchain arm-none-eabi/11.2 2022.02/bin/../lib/gcc/arm-none-eabi/11.2.1/thumb/v7e-m+fp/hard\libgcc.a(_arm_unorddf2.o)
                0x08000b2c                __unorddf2
                0x08000b2c                __aeabi_dcmpun
 .text          0x08000b58       0x50 c:/program files (x86)/arm gnu toolchain arm-none-eabi/11.2 2022.02/bin/../lib/gcc/arm-none-eabi/11.2.1/thumb/v7e-m+fp/hard\libgcc.a(_arm_fixdfsi.o)
                0x08000b58                __aeabi_d2iz
                0x08000b58                __fixdfsi
 .text          0x08000ba8       0x40 c:/program files (x86)/arm gnu toolchain arm-none-eabi/11.2 2022.02/bin/../lib/gcc/arm-none-eabi/11.2.1/thumb/v7e-m+fp/hard\libgcc.a(_arm_fixunsdfsi.o)
                0x08000ba8                __aeabi_d2uiz
                0x08000ba8                __fixunsdfsi
 .text          0x08000be8       0xa0 c:/program files (x86)/arm gnu toolchain arm-none-eabi/11.2 2022.02/bin/../lib/gcc/arm-none-eabi/11.2.1/thumb/v7e-m+fp/hard\libgcc.a(_arm_truncdfsf2.o)
                0x08000be8                __truncdfsf2
                0x08000be8                __aeabi_d2f
 .text          0x08000c88       0x30 c:/program files (x86)/arm gnu toolchain arm-none-eabi/11.2 2022.02/bin/../lib/gcc/arm-none-eabi/11.2.1/thumb/v7e-m+fp/hard\libgcc.a(_aeabi_uldivmod.o)
                0x08000c88                __aeabi_uldivmod
 .text          0x08000cb8        0x4 c:/program files (x86)/arm gnu toolchain arm-none-eabi/11.2 2022.02/bin/../lib/gcc/arm-none-eabi/11.2.1/thumb/v7e-m+fp/hard\libgcc.a(_dvmd_tls.o)
                0x08000cb8                __aeabi_idiv0
                0x08000cb8                __aeabi_ldiv0
 *(.text*)
 .text.deregister_tm_clones
                0x08000cbc       0x1c c:/program files (x86)/arm gnu toolchain arm-none-eabi/11.2 2022.02/bin/../lib/gcc/arm-none-eabi/11.2.1/thumb/v7e-m+fp/hard/crtbegin.o
 .text.register_tm_clones
                0x08000cd8       0x24 c:/program files (x86)/arm gnu toolchain arm-none-eabi/11.2 2022.02/bin/../lib/gcc/arm-none-eabi/11.2.1/thumb/v7e-m+fp/hard/crtbegin.o
 .text.__do_global_dtors_aux
                0x08000cfc       0x28 c:/program files (x86)/arm gnu toolchain arm-none-eabi/11.2 2022.02/bin/../lib/gcc/arm-none-eabi/11.2.1/thumb/v7e-m+fp/hard/crtbegin.o
 .text.frame_dummy
                0x08000d24       0x24 c:/program files (x86)/arm gnu toolchain arm-none-eabi/11.2 2022.02/bin/../lib/gcc/arm-none-eabi/11.2.1/thumb/v7e-m+fp/hard/crtbegin.o
 .text.MX_ADC1_Init
                0x08000d48       0x8c ./Core/Src/adc.o
                0x08000d48                MX_ADC1_Init
 .text.MX_ADC2_Init
                0x08000dd4       0x60 ./Core/Src/adc.o
                0x08000dd4                MX_ADC2_Init
 .text.MX_ADC3_Init
                0x08000e34       0x5c ./Core/Src/adc.o
                0x08000e34                MX_ADC3_Init
 .text.HAL_ADC_MspInit
                0x08000e90       0xe8 ./Core/Src/adc.o
                0x08000e90                HAL_ADC_MspInit
 .text.order_phases
                0x08000f78      0x194 ./Core/Src/calibration.o
                0x08000f78                order_phases
 .text.calibrate_encoder
                0x0800110c      0x378 ./Core/Src/calibration.o
                0x0800110c                calibrate_encoder
 .text.MX_CAN1_Init
                0x08001484       0x3c ./Core/Src/can.o
                0x08001484                MX_CAN1_Init
 .text.HAL_CAN_MspInit
                0x080014c0       0x7c ./Core/Src/can.o
                0x080014c0                HAL_CAN_MspInit
 .text.can_rx_init
                0x0800153c       0x30 ./Core/Src/can.o
                0x0800153c                can_rx_init
 .text.can_tx_init
                0x0800156c       0x18 ./Core/Src/can.o
                0x0800156c                can_tx_init
 .text.pack_reply
                0x08001584       0x80 ./Core/Src/can.o
                0x08001584                pack_reply
 .text.unpack_cmd
                0x08001604      0x194 ./Core/Src/can.o
                0x08001604                unpack_cmd
 .text.drv_spi_write
                0x08001798       0x48 ./Core/Src/drv8323.o
                0x08001798                drv_spi_write
 .text.drv_write_DCR
                0x080017e0       0x46 ./Core/Src/drv8323.o
                0x080017e0                drv_write_DCR
 .text.drv_write_OCPCR
                0x08001826       0x2e ./Core/Src/drv8323.o
                0x08001826                drv_write_OCPCR
 .text.drv_write_CSACR
                0x08001854       0x46 ./Core/Src/drv8323.o
                0x08001854                drv_write_CSACR
 .text.drv_enable_gd
                0x0800189a       0x3c ./Core/Src/drv8323.o
                0x0800189a                drv_enable_gd
 .text.drv_disable_gd
                0x080018d6       0x3c ./Core/Src/drv8323.o
                0x080018d6                drv_disable_gd
 *fill*         0x08001912        0x2 
 .text.drv_print_faults
                0x08001914      0x174 ./Core/Src/drv8323.o
                0x08001914                drv_print_faults
 .text.flash_writer_init
                0x08001a88       0x1c ./Core/Src/flash_writer.o
                0x08001a88                flash_writer_init
 .text.flash_writer_open
                0x08001aa4       0x28 ./Core/Src/flash_writer.o
                0x08001aa4                flash_writer_open
 .text.flash_writer_write_int
                0x08001acc       0x18 ./Core/Src/flash_writer.o
                0x08001acc                flash_writer_write_int
 .text.flash_writer_write_float
                0x08001ae4       0x1a ./Core/Src/flash_writer.o
                0x08001ae4                flash_writer_write_float
 .text.flash_writer_close
                0x08001afe        0xe ./Core/Src/flash_writer.o
                0x08001afe                flash_writer_close
 .text.flash_read_int
                0x08001b0c       0x20 ./Core/Src/flash_writer.o
                0x08001b0c                flash_read_int
 .text.flash_read_float
                0x08001b2c       0x24 ./Core/Src/flash_writer.o
                0x08001b2c                flash_read_float
 .text.set_dtc  0x08001b50       0x88 ./Core/Src/foc.o
                0x08001b50                set_dtc
 .text.analog_sample
                0x08001bd8       0xac ./Core/Src/foc.o
                0x08001bd8                analog_sample
 .text.abc      0x08001c84       0x88 ./Core/Src/foc.o
                0x08001c84                abc
 .text.dq0      0x08001d0c       0x94 ./Core/Src/foc.o
                0x08001d0c                dq0
 .text.svm      0x08001da0       0xec ./Core/Src/foc.o
                0x08001da0                svm
 .text.zero_current
                0x08001e8c       0x40 ./Core/Src/foc.o
                0x08001e8c                zero_current
 .text.init_controller_params
                0x08001ecc      0x118 ./Core/Src/foc.o
                0x08001ecc                init_controller_params
 .text.reset_foc
                0x08001fe4       0x70 ./Core/Src/foc.o
                0x08001fe4                reset_foc
 .text.field_weaken
                0x08002054       0x7c ./Core/Src/foc.o
                0x08002054                field_weaken
 .text.commutate
                0x080020d0      0x24c ./Core/Src/foc.o
                0x080020d0                commutate
 .text.zero_commands
                0x0800231c       0x1c ./Core/Src/foc.o
                0x0800231c                zero_commands
 .text.diffPose
                0x08002338       0x3c ./Core/Src/foc.o
                0x08002338                diffPose
 .text.torque_control
                0x08002374       0x6c ./Core/Src/foc.o
                0x08002374                torque_control
 .text.fsm_exit_state
                0x080023e0       0x58 ./Core/Src/fsm.o
                0x080023e0                fsm_exit_state
 .text.enter_menu_state
                0x08002438       0x58 ./Core/Src/fsm.o
                0x08002438                enter_menu_state
 .text.enter_setup_state
                0x08002490      0x294 ./Core/Src/fsm.o
                0x08002490                enter_setup_state
 .text.fsm_enter_state
                0x08002724       0x78 ./Core/Src/fsm.o
                0x08002724                fsm_enter_state
 .text.run_fsm  0x0800279c      0x168 ./Core/Src/fsm.o
                0x0800279c                run_fsm
 .text.process_user_input
                0x08002904      0x3b4 ./Core/Src/fsm.o
                0x08002904                process_user_input
 .text.update_fsm
                0x08002cb8       0xcc ./Core/Src/fsm.o
                0x08002cb8                update_fsm
 .text.MX_GPIO_Init
                0x08002d84       0xd4 ./Core/Src/gpio.o
                0x08002d84                MX_GPIO_Init
 .text.SystemClock_Config
                0x08002e58       0x9c ./Core/Src/main.o
                0x08002e58                SystemClock_Config
 .text.startup.main
                0x08002ef4      0x478 ./Core/Src/main.o
                0x08002ef4                main
 .text.Error_Handler
                0x0800336c        0x2 ./Core/Src/main.o
                0x0800336c                Error_Handler
 .text.fast_fmaxf
                0x0800336e       0x10 ./Core/Src/math_ops.o
                0x0800336e                fast_fmaxf
 .text.fast_fminf
                0x0800337e       0x10 ./Core/Src/math_ops.o
                0x0800337e                fast_fminf
 .text.fmaxf3   0x0800338e       0x2e ./Core/Src/math_ops.o
                0x0800338e                fmaxf3
 .text.fminf3   0x080033bc       0x2e ./Core/Src/math_ops.o
                0x080033bc                fminf3
 .text.limit_norm
                0x080033ea       0x4e ./Core/Src/math_ops.o
                0x080033ea                limit_norm
 .text.float_to_uint
                0x08003438       0x2a ./Core/Src/math_ops.o
                0x08003438                float_to_uint
 .text.uint_to_float
                0x08003462       0x2a ./Core/Src/math_ops.o
                0x08003462                uint_to_float
 .text.sin_lut  0x0800348c       0x4c ./Core/Src/math_ops.o
                0x0800348c                sin_lut
 .text.cos_lut  0x080034d8       0x10 ./Core/Src/math_ops.o
                0x080034d8                cos_lut
 .text.ps_warmup
                0x080034e8       0x60 ./Core/Src/position_sensor.o
                0x080034e8                ps_warmup
 .text.ps_sample
                0x08003548      0x194 ./Core/Src/position_sensor.o
                0x08003548                ps_sample
 .text.ps_print
                0x080036dc       0x6c ./Core/Src/position_sensor.o
                0x080036dc                ps_print
 .text.preference_writer_init
                0x08003748        0xe ./Core/Src/preference_writer.o
                0x08003748                preference_writer_init
 .text.preference_writer_open
                0x08003756        0xe ./Core/Src/preference_writer.o
                0x08003756                preference_writer_open
 .text.preference_writer_ready
                0x08003764        0xe ./Core/Src/preference_writer.o
                0x08003764                preference_writer_ready
 *fill*         0x08003772        0x2 
 .text.preference_writer_flush
                0x08003774       0x48 ./Core/Src/preference_writer.o
                0x08003774                preference_writer_flush
 .text.preference_writer_load
                0x080037bc       0x4c ./Core/Src/preference_writer.o
                0x080037bc                preference_writer_load
 .text.preference_writer_close
                0x08003808        0x8 ./Core/Src/preference_writer.o
                0x08003808                preference_writer_close
 .text.MX_SPI1_Init
                0x08003810       0x4c ./Core/Src/spi.o
                0x08003810                MX_SPI1_Init
 .text.MX_SPI3_Init
                0x0800385c       0x48 ./Core/Src/spi.o
                0x0800385c                MX_SPI3_Init
 .text.HAL_SPI_MspInit
                0x080038a4       0xc0 ./Core/Src/spi.o
                0x080038a4                HAL_SPI_MspInit
 .text.FLASH_Unlock
                0x08003964       0x1c ./Core/Src/stm32f4xx_flash.o
                0x08003964                FLASH_Unlock
 .text.FLASH_Lock
                0x08003980       0x10 ./Core/Src/stm32f4xx_flash.o
                0x08003980                FLASH_Lock
 .text.FLASH_ClearFlag
                0x08003990        0xc ./Core/Src/stm32f4xx_flash.o
                0x08003990                FLASH_ClearFlag
 .text.FLASH_GetStatus
                0x0800399c       0x40 ./Core/Src/stm32f4xx_flash.o
                0x0800399c                FLASH_GetStatus
 .text.FLASH_WaitForLastOperation2
                0x080039dc       0x22 ./Core/Src/stm32f4xx_flash.o
                0x080039dc                FLASH_WaitForLastOperation2
 *fill*         0x080039fe        0x2 
 .text.FLASH_EraseSector
                0x08003a00       0x5c ./Core/Src/stm32f4xx_flash.o
                0x08003a00                FLASH_EraseSector
 .text.FLASH_ProgramWord
                0x08003a5c       0x3c ./Core/Src/stm32f4xx_flash.o
                0x08003a5c                FLASH_ProgramWord
 .text.HAL_MspInit
                0x08003a98       0x3c ./Core/Src/stm32f4xx_hal_msp.o
                0x08003a98                HAL_MspInit
 .text.NMI_Handler
                0x08003ad4        0x2 ./Core/Src/stm32f4xx_it.o
                0x08003ad4                NMI_Handler
 .text.HardFault_Handler
                0x08003ad6        0x2 ./Core/Src/stm32f4xx_it.o
                0x08003ad6                HardFault_Handler
 .text.MemManage_Handler
                0x08003ad8        0x2 ./Core/Src/stm32f4xx_it.o
                0x08003ad8                MemManage_Handler
 .text.BusFault_Handler
                0x08003ada        0x2 ./Core/Src/stm32f4xx_it.o
                0x08003ada                BusFault_Handler
 .text.UsageFault_Handler
                0x08003adc        0x2 ./Core/Src/stm32f4xx_it.o
                0x08003adc                UsageFault_Handler
 .text.SVC_Handler
                0x08003ade        0x2 ./Core/Src/stm32f4xx_it.o
                0x08003ade                SVC_Handler
 .text.DebugMon_Handler
                0x08003ae0        0x2 ./Core/Src/stm32f4xx_it.o
                0x08003ae0                DebugMon_Handler
 .text.PendSV_Handler
                0x08003ae2        0x2 ./Core/Src/stm32f4xx_it.o
                0x08003ae2                PendSV_Handler
 .text.SysTick_Handler
                0x08003ae4        0x4 ./Core/Src/stm32f4xx_it.o
                0x08003ae4                SysTick_Handler
 .text.CAN1_RX0_IRQHandler
                0x08003ae8      0x100 ./Core/Src/stm32f4xx_it.o
                0x08003ae8                CAN1_RX0_IRQHandler
 .text.USART2_IRQHandler
                0x08003be8       0x2c ./Core/Src/stm32f4xx_it.o
                0x08003be8                USART2_IRQHandler
 .text.can_tx_rx
                0x08003c14      0x100 ./Core/Src/stm32f4xx_it.o
                0x08003c14                can_tx_rx
 .text.TIM1_UP_TIM10_IRQHandler
                0x08003d14       0x48 ./Core/Src/stm32f4xx_it.o
                0x08003d14                TIM1_UP_TIM10_IRQHandler
 .text._getpid  0x08003d5c        0x4 ./Core/Src/syscalls.o
                0x08003d5c                _getpid
 .text._kill    0x08003d60       0x10 ./Core/Src/syscalls.o
                0x08003d60                _kill
 .text._exit    0x08003d70        0xc ./Core/Src/syscalls.o
                0x08003d70                _exit
 .text._read    0x08003d7c       0x1c ./Core/Src/syscalls.o
                0x08003d7c                _read
 .text._write   0x08003d98       0x1c ./Core/Src/syscalls.o
                0x08003d98                _write
 .text._close   0x08003db4        0x6 ./Core/Src/syscalls.o
                0x08003db4                _close
 .text._fstat   0x08003dba        0xa ./Core/Src/syscalls.o
                0x08003dba                _fstat
 .text._isatty  0x08003dc4        0x4 ./Core/Src/syscalls.o
                0x08003dc4                _isatty
 .text._lseek   0x08003dc8        0x4 ./Core/Src/syscalls.o
                0x08003dc8                _lseek
 .text._sbrk    0x08003dcc       0x34 ./Core/Src/sysmem.o
                0x08003dcc                _sbrk
 .text.SystemInit
                0x08003e00       0x1c ./Core/Src/system_stm32f4xx.o
                0x08003e00                SystemInit
 .text.HAL_TIM_Base_MspInit
                0x08003e1c       0x44 ./Core/Src/tim.o
                0x08003e1c                HAL_TIM_Base_MspInit
 .text.HAL_TIM_MspPostInit
                0x08003e60       0x5c ./Core/Src/tim.o
                0x08003e60                HAL_TIM_MspPostInit
 .text.MX_TIM1_Init
                0x08003ebc       0xfc ./Core/Src/tim.o
                0x08003ebc                MX_TIM1_Init
 .text.MX_USART2_UART_Init
                0x08003fb8       0x38 ./Core/Src/usart.o
                0x08003fb8                MX_USART2_UART_Init
 .text.HAL_UART_MspInit
                0x08003ff0       0x7c ./Core/Src/usart.o
                0x08003ff0                HAL_UART_MspInit
 .text.__io_putchar
                0x0800406c       0x20 ./Core/Src/usart.o
                0x0800406c                __io_putchar
 .text.HAL_UART_RxCpltCallback
                0x0800408c       0x14 ./Core/Src/usart.o
                0x0800408c                HAL_UART_RxCpltCallback
 .text.Reset_Handler
                0x080040a0       0x50 ./Core/Startup/startup_stm32f446retx.o
                0x080040a0                Reset_Handler
 .text.Default_Handler
                0x080040f0        0x2 ./Core/Startup/startup_stm32f446retx.o
                0x080040f0                RTC_Alarm_IRQHandler
                0x080040f0                EXTI2_IRQHandler
                0x080040f0                TIM8_CC_IRQHandler
                0x080040f0                FMPI2C1_EV_IRQHandler
                0x080040f0                SPI4_IRQHandler
                0x080040f0                TIM1_CC_IRQHandler
                0x080040f0                DMA2_Stream5_IRQHandler
                0x080040f0                DMA1_Stream5_IRQHandler
                0x080040f0                PVD_IRQHandler
                0x080040f0                SDIO_IRQHandler
                0x080040f0                TAMP_STAMP_IRQHandler
                0x080040f0                CAN2_RX1_IRQHandler
                0x080040f0                EXTI3_IRQHandler
                0x080040f0                TIM8_TRG_COM_TIM14_IRQHandler
                0x080040f0                TIM8_UP_TIM13_IRQHandler
                0x080040f0                I2C3_ER_IRQHandler
                0x080040f0                EXTI0_IRQHandler
                0x080040f0                I2C2_EV_IRQHandler
                0x080040f0                DMA1_Stream2_IRQHandler
                0x080040f0                FPU_IRQHandler
                0x080040f0                OTG_HS_WKUP_IRQHandler
                0x080040f0                CAN2_SCE_IRQHandler
                0x080040f0                DMA2_Stream2_IRQHandler
                0x080040f0                SPI1_IRQHandler
                0x080040f0                TIM6_DAC_IRQHandler
                0x080040f0                TIM1_BRK_TIM9_IRQHandler
                0x080040f0                DCMI_IRQHandler
                0x080040f0                CAN2_RX0_IRQHandler
                0x080040f0                DMA2_Stream3_IRQHandler
                0x080040f0                SAI2_IRQHandler
                0x080040f0                USART6_IRQHandler
                0x080040f0                USART3_IRQHandler
                0x080040f0                CAN1_RX1_IRQHandler
                0x080040f0                UART5_IRQHandler
                0x080040f0                DMA2_Stream0_IRQHandler
                0x080040f0                TIM4_IRQHandler
                0x080040f0                QUADSPI_IRQHandler
                0x080040f0                I2C1_EV_IRQHandler
                0x080040f0                DMA1_Stream6_IRQHandler
                0x080040f0                DMA1_Stream1_IRQHandler
                0x080040f0                UART4_IRQHandler
                0x080040f0                TIM3_IRQHandler
                0x080040f0                RCC_IRQHandler
                0x080040f0                TIM8_BRK_TIM12_IRQHandler
                0x080040f0                Default_Handler
                0x080040f0                CEC_IRQHandler
                0x080040f0                EXTI15_10_IRQHandler
                0x080040f0                ADC_IRQHandler
                0x080040f0                DMA1_Stream7_IRQHandler
                0x080040f0                TIM7_IRQHandler
                0x080040f0                CAN2_TX_IRQHandler
                0x080040f0                TIM5_IRQHandler
                0x080040f0                DMA2_Stream7_IRQHandler
                0x080040f0                I2C3_EV_IRQHandler
                0x080040f0                EXTI9_5_IRQHandler
                0x080040f0                RTC_WKUP_IRQHandler
                0x080040f0                SPDIF_RX_IRQHandler
                0x080040f0                SPI2_IRQHandler
                0x080040f0                OTG_HS_EP1_IN_IRQHandler
                0x080040f0                DMA1_Stream0_IRQHandler
                0x080040f0                CAN1_TX_IRQHandler
                0x080040f0                FMPI2C1_ER_IRQHandler
                0x080040f0                EXTI4_IRQHandler
                0x080040f0                OTG_HS_EP1_OUT_IRQHandler
                0x080040f0                WWDG_IRQHandler
                0x080040f0                TIM2_IRQHandler
                0x080040f0                OTG_FS_WKUP_IRQHandler
                0x080040f0                TIM1_TRG_COM_TIM11_IRQHandler
                0x080040f0                OTG_HS_IRQHandler
                0x080040f0                EXTI1_IRQHandler
                0x080040f0                I2C2_ER_IRQHandler
                0x080040f0                DMA2_Stream1_IRQHandler
                0x080040f0                CAN1_SCE_IRQHandler
                0x080040f0                FLASH_IRQHandler
                0x080040f0                DMA2_Stream4_IRQHandler
                0x080040f0                USART1_IRQHandler
                0x080040f0                OTG_FS_IRQHandler
                0x080040f0                SPI3_IRQHandler
                0x080040f0                DMA1_Stream4_IRQHandler
                0x080040f0                I2C1_ER_IRQHandler
                0x080040f0                FMC_IRQHandler
                0x080040f0                DMA2_Stream6_IRQHandler
                0x080040f0                SAI1_IRQHandler
                0x080040f0                DMA1_Stream3_IRQHandler
 *fill*         0x080040f2        0x2 
 .text.HAL_InitTick
                0x080040f4       0x48 ./Drivers/STM32F4xx_HAL_Driver/Src/stm32f4xx_hal.o
                0x080040f4                HAL_InitTick
 .text.HAL_Init
                0x0800413c       0x34 ./Drivers/STM32F4xx_HAL_Driver/Src/stm32f4xx_hal.o
                0x0800413c                HAL_Init
 .text.HAL_IncTick
                0x08004170       0x18 ./Drivers/STM32F4xx_HAL_Driver/Src/stm32f4xx_hal.o
                0x08004170                HAL_IncTick
 .text.HAL_GetTick
                0x08004188        0xc ./Drivers/STM32F4xx_HAL_Driver/Src/stm32f4xx_hal.o
                0x08004188                HAL_GetTick
 .text.HAL_Delay
                0x08004194       0x28 ./Drivers/STM32F4xx_HAL_Driver/Src/stm32f4xx_hal.o
                0x08004194                HAL_Delay
 .text.HAL_ADC_Init
                0x080041bc      0x14c ./Drivers/STM32F4xx_HAL_Driver/Src/stm32f4xx_hal_adc.o
                0x080041bc                HAL_ADC_Init
 .text.HAL_ADC_Start
                0x08004308      0x114 ./Drivers/STM32F4xx_HAL_Driver/Src/stm32f4xx_hal_adc.o
                0x08004308                HAL_ADC_Start
 .text.HAL_ADC_PollForConversion
                0x0800441c       0xa6 ./Drivers/STM32F4xx_HAL_Driver/Src/stm32f4xx_hal_adc.o
                0x0800441c                HAL_ADC_PollForConversion
 .text.HAL_ADC_GetValue
                0x080044c2        0x6 ./Drivers/STM32F4xx_HAL_Driver/Src/stm32f4xx_hal_adc.o
                0x080044c2                HAL_ADC_GetValue
 .text.HAL_ADC_ConfigChannel
                0x080044c8      0x134 ./Drivers/STM32F4xx_HAL_Driver/Src/stm32f4xx_hal_adc.o
                0x080044c8                HAL_ADC_ConfigChannel
 .text.HAL_ADCEx_MultiModeConfigChannel
                0x080045fc       0x50 ./Drivers/STM32F4xx_HAL_Driver/Src/stm32f4xx_hal_adc_ex.o
                0x080045fc                HAL_ADCEx_MultiModeConfigChannel
 .text.HAL_CAN_Init
                0x0800464c       0xf6 ./Drivers/STM32F4xx_HAL_Driver/Src/stm32f4xx_hal_can.o
                0x0800464c                HAL_CAN_Init
 *fill*         0x08004742        0x2 
 .text.HAL_CAN_ConfigFilter
                0x08004744      0x10c ./Drivers/STM32F4xx_HAL_Driver/Src/stm32f4xx_hal_can.o
                0x08004744                HAL_CAN_ConfigFilter
 .text.HAL_CAN_Start
                0x08004850       0x5c ./Drivers/STM32F4xx_HAL_Driver/Src/stm32f4xx_hal_can.o
                0x08004850                HAL_CAN_Start
 .text.HAL_CAN_AddTxMessage
                0x080048ac       0xa4 ./Drivers/STM32F4xx_HAL_Driver/Src/stm32f4xx_hal_can.o
                0x080048ac                HAL_CAN_AddTxMessage
 .text.HAL_CAN_GetRxMessage
                0x08004950       0xee ./Drivers/STM32F4xx_HAL_Driver/Src/stm32f4xx_hal_can.o
                0x08004950                HAL_CAN_GetRxMessage
 .text.HAL_CAN_TxMailbox0CompleteCallback
                0x08004a3e        0x2 ./Drivers/STM32F4xx_HAL_Driver/Src/stm32f4xx_hal_can.o
                0x08004a3e                HAL_CAN_TxMailbox0CompleteCallback
 .text.HAL_CAN_TxMailbox1CompleteCallback
                0x08004a40        0x2 ./Drivers/STM32F4xx_HAL_Driver/Src/stm32f4xx_hal_can.o
                0x08004a40                HAL_CAN_TxMailbox1CompleteCallback
 .text.HAL_CAN_TxMailbox2CompleteCallback
                0x08004a42        0x2 ./Drivers/STM32F4xx_HAL_Driver/Src/stm32f4xx_hal_can.o
                0x08004a42                HAL_CAN_TxMailbox2CompleteCallback
 .text.HAL_CAN_TxMailbox0AbortCallback
                0x08004a44        0x2 ./Drivers/STM32F4xx_HAL_Driver/Src/stm32f4xx_hal_can.o
                0x08004a44                HAL_CAN_TxMailbox0AbortCallback
 .text.HAL_CAN_TxMailbox1AbortCallback
                0x08004a46        0x2 ./Drivers/STM32F4xx_HAL_Driver/Src/stm32f4xx_hal_can.o
                0x08004a46                HAL_CAN_TxMailbox1AbortCallback
 .text.HAL_CAN_TxMailbox2AbortCallback
                0x08004a48        0x2 ./Drivers/STM32F4xx_HAL_Driver/Src/stm32f4xx_hal_can.o
                0x08004a48                HAL_CAN_TxMailbox2AbortCallback
 .text.HAL_CAN_RxFifo0MsgPendingCallback
                0x08004a4a        0x2 ./Drivers/STM32F4xx_HAL_Driver/Src/stm32f4xx_hal_can.o
                0x08004a4a                HAL_CAN_RxFifo0MsgPendingCallback
 .text.HAL_CAN_RxFifo0FullCallback
                0x08004a4c        0x2 ./Drivers/STM32F4xx_HAL_Driver/Src/stm32f4xx_hal_can.o
                0x08004a4c                HAL_CAN_RxFifo0FullCallback
 .text.HAL_CAN_RxFifo1MsgPendingCallback
                0x08004a4e        0x2 ./Drivers/STM32F4xx_HAL_Driver/Src/stm32f4xx_hal_can.o
                0x08004a4e                HAL_CAN_RxFifo1MsgPendingCallback
 .text.HAL_CAN_RxFifo1FullCallback
                0x08004a50        0x2 ./Drivers/STM32F4xx_HAL_Driver/Src/stm32f4xx_hal_can.o
                0x08004a50                HAL_CAN_RxFifo1FullCallback
 .text.HAL_CAN_SleepCallback
                0x08004a52        0x2 ./Drivers/STM32F4xx_HAL_Driver/Src/stm32f4xx_hal_can.o
                0x08004a52                HAL_CAN_SleepCallback
 .text.HAL_CAN_WakeUpFromRxMsgCallback
                0x08004a54        0x2 ./Drivers/STM32F4xx_HAL_Driver/Src/stm32f4xx_hal_can.o
                0x08004a54                HAL_CAN_WakeUpFromRxMsgCallback
 .text.HAL_CAN_ErrorCallback
                0x08004a56        0x2 ./Drivers/STM32F4xx_HAL_Driver/Src/stm32f4xx_hal_can.o
                0x08004a56                HAL_CAN_ErrorCallback
 .text.HAL_CAN_IRQHandler
                0x08004a58      0x1fc ./Drivers/STM32F4xx_HAL_Driver/Src/stm32f4xx_hal_can.o
                0x08004a58                HAL_CAN_IRQHandler
 .text.HAL_NVIC_SetPriorityGrouping
                0x08004c54       0x24 ./Drivers/STM32F4xx_HAL_Driver/Src/stm32f4xx_hal_cortex.o
                0x08004c54                HAL_NVIC_SetPriorityGrouping
 .text.HAL_NVIC_SetPriority
                0x08004c78       0x64 ./Drivers/STM32F4xx_HAL_Driver/Src/stm32f4xx_hal_cortex.o
                0x08004c78                HAL_NVIC_SetPriority
 .text.HAL_NVIC_EnableIRQ
                0x08004cdc       0x1c ./Drivers/STM32F4xx_HAL_Driver/Src/stm32f4xx_hal_cortex.o
                0x08004cdc                HAL_NVIC_EnableIRQ
 .text.HAL_SYSTICK_Config
                0x08004cf8       0x28 ./Drivers/STM32F4xx_HAL_Driver/Src/stm32f4xx_hal_cortex.o
                0x08004cf8                HAL_SYSTICK_Config
 .text.HAL_DMA_Abort
                0x08004d20       0x7e ./Drivers/STM32F4xx_HAL_Driver/Src/stm32f4xx_hal_dma.o
                0x08004d20                HAL_DMA_Abort
 .text.HAL_DMA_Abort_IT
                0x08004d9e       0x24 ./Drivers/STM32F4xx_HAL_Driver/Src/stm32f4xx_hal_dma.o
                0x08004d9e                HAL_DMA_Abort_IT
 *fill*         0x08004dc2        0x2 
 .text.HAL_GPIO_Init
                0x08004dc4      0x1a8 ./Drivers/STM32F4xx_HAL_Driver/Src/stm32f4xx_hal_gpio.o
                0x08004dc4                HAL_GPIO_Init
 .text.HAL_GPIO_WritePin
                0x08004f6c        0xa ./Drivers/STM32F4xx_HAL_Driver/Src/stm32f4xx_hal_gpio.o
                0x08004f6c                HAL_GPIO_WritePin
 *fill*         0x08004f76        0x2 
 .text.HAL_PWREx_EnableOverDrive
                0x08004f78       0x74 ./Drivers/STM32F4xx_HAL_Driver/Src/stm32f4xx_hal_pwr_ex.o
                0x08004f78                HAL_PWREx_EnableOverDrive
 .text.HAL_RCC_ClockConfig
                0x08004fec      0x134 ./Drivers/STM32F4xx_HAL_Driver/Src/stm32f4xx_hal_rcc.o
                0x08004fec                HAL_RCC_ClockConfig
 .text.HAL_RCC_GetPCLK1Freq
                0x08005120       0x20 ./Drivers/STM32F4xx_HAL_Driver/Src/stm32f4xx_hal_rcc.o
                0x08005120                HAL_RCC_GetPCLK1Freq
 .text.HAL_RCC_GetPCLK2Freq
                0x08005140       0x20 ./Drivers/STM32F4xx_HAL_Driver/Src/stm32f4xx_hal_rcc.o
                0x08005140                HAL_RCC_GetPCLK2Freq
 .text.HAL_RCC_GetSysClockFreq
                0x08005160       0x90 ./Drivers/STM32F4xx_HAL_Driver/Src/stm32f4xx_hal_rcc_ex.o
                0x08005160                HAL_RCC_GetSysClockFreq
 .text.HAL_RCC_OscConfig
                0x080051f0      0x398 ./Drivers/STM32F4xx_HAL_Driver/Src/stm32f4xx_hal_rcc_ex.o
                0x080051f0                HAL_RCC_OscConfig
 .text.SPI_WaitFlagStateUntilTimeout.constprop.0
                0x08005588       0xac ./Drivers/STM32F4xx_HAL_Driver/Src/stm32f4xx_hal_spi.o
 .text.SPI_EndRxTxTransaction
                0x08005634       0x58 ./Drivers/STM32F4xx_HAL_Driver/Src/stm32f4xx_hal_spi.o
 .text.HAL_SPI_Init
                0x0800568c       0xb8 ./Drivers/STM32F4xx_HAL_Driver/Src/stm32f4xx_hal_spi.o
                0x0800568c                HAL_SPI_Init
 .text.HAL_SPI_TransmitReceive
                0x08005744      0x1de ./Drivers/STM32F4xx_HAL_Driver/Src/stm32f4xx_hal_spi.o
                0x08005744                HAL_SPI_TransmitReceive
 *fill*         0x08005922        0x2 
 .text.TIM_OC1_SetConfig
                0x08005924       0x64 ./Drivers/STM32F4xx_HAL_Driver/Src/stm32f4xx_hal_tim.o
 .text.TIM_OC3_SetConfig
                0x08005988       0x6c ./Drivers/STM32F4xx_HAL_Driver/Src/stm32f4xx_hal_tim.o
 .text.TIM_OC4_SetConfig
                0x080059f4       0x4c ./Drivers/STM32F4xx_HAL_Driver/Src/stm32f4xx_hal_tim.o
 .text.HAL_TIM_Base_Start_IT
                0x08005a40       0x74 ./Drivers/STM32F4xx_HAL_Driver/Src/stm32f4xx_hal_tim.o
                0x08005a40                HAL_TIM_Base_Start_IT
 .text.HAL_TIM_PWM_MspInit
                0x08005ab4        0x2 ./Drivers/STM32F4xx_HAL_Driver/Src/stm32f4xx_hal_tim.o
                0x08005ab4                HAL_TIM_PWM_MspInit
 .text.HAL_TIM_PeriodElapsedCallback
                0x08005ab6        0x2 ./Drivers/STM32F4xx_HAL_Driver/Src/stm32f4xx_hal_tim.o
                0x08005ab6                HAL_TIM_PeriodElapsedCallback
 .text.HAL_TIM_OC_DelayElapsedCallback
                0x08005ab8        0x2 ./Drivers/STM32F4xx_HAL_Driver/Src/stm32f4xx_hal_tim.o
                0x08005ab8                HAL_TIM_OC_DelayElapsedCallback
 .text.HAL_TIM_IC_CaptureCallback
                0x08005aba        0x2 ./Drivers/STM32F4xx_HAL_Driver/Src/stm32f4xx_hal_tim.o
                0x08005aba                HAL_TIM_IC_CaptureCallback
 .text.HAL_TIM_PWM_PulseFinishedCallback
                0x08005abc        0x2 ./Drivers/STM32F4xx_HAL_Driver/Src/stm32f4xx_hal_tim.o
                0x08005abc                HAL_TIM_PWM_PulseFinishedCallback
 .text.HAL_TIM_TriggerCallback
                0x08005abe        0x2 ./Drivers/STM32F4xx_HAL_Driver/Src/stm32f4xx_hal_tim.o
                0x08005abe                HAL_TIM_TriggerCallback
 .text.HAL_TIM_IRQHandler
                0x08005ac0      0x144 ./Drivers/STM32F4xx_HAL_Driver/Src/stm32f4xx_hal_tim.o
                0x08005ac0                HAL_TIM_IRQHandler
 .text.TIM_Base_SetConfig
                0x08005c04       0xcc ./Drivers/STM32F4xx_HAL_Driver/Src/stm32f4xx_hal_tim.o
                0x08005c04                TIM_Base_SetConfig
 .text.HAL_TIM_Base_Init
                0x08005cd0       0x58 ./Drivers/STM32F4xx_HAL_Driver/Src/stm32f4xx_hal_tim.o
                0x08005cd0                HAL_TIM_Base_Init
 .text.HAL_TIM_PWM_Init
                0x08005d28       0x58 ./Drivers/STM32F4xx_HAL_Driver/Src/stm32f4xx_hal_tim.o
                0x08005d28                HAL_TIM_PWM_Init
 .text.TIM_OC2_SetConfig
                0x08005d80       0x6c ./Drivers/STM32F4xx_HAL_Driver/Src/stm32f4xx_hal_tim.o
                0x08005d80                TIM_OC2_SetConfig
 .text.HAL_TIM_PWM_ConfigChannel
                0x08005dec       0xb2 ./Drivers/STM32F4xx_HAL_Driver/Src/stm32f4xx_hal_tim.o
                0x08005dec                HAL_TIM_PWM_ConfigChannel
 .text.TIM_ETR_SetConfig
                0x08005e9e       0x14 ./Drivers/STM32F4xx_HAL_Driver/Src/stm32f4xx_hal_tim.o
                0x08005e9e                TIM_ETR_SetConfig
 .text.HAL_TIM_ConfigClockSource
                0x08005eb2      0x132 ./Drivers/STM32F4xx_HAL_Driver/Src/stm32f4xx_hal_tim.o
                0x08005eb2                HAL_TIM_ConfigClockSource
 .text.TIM_CCxChannelCmd
                0x08005fe4       0x1c ./Drivers/STM32F4xx_HAL_Driver/Src/stm32f4xx_hal_tim.o
                0x08005fe4                TIM_CCxChannelCmd
 .text.HAL_TIM_OC_Start
                0x08006000       0xcc ./Drivers/STM32F4xx_HAL_Driver/Src/stm32f4xx_hal_tim.o
                0x08006000                HAL_TIM_OC_Start
 .text.HAL_TIM_PWM_Start
                0x080060cc        0x4 ./Drivers/STM32F4xx_HAL_Driver/Src/stm32f4xx_hal_tim.o
                0x080060cc                HAL_TIM_PWM_Start
 .text.HAL_TIMEx_MasterConfigSynchronization
                0x080060d0       0x7c ./Drivers/STM32F4xx_HAL_Driver/Src/stm32f4xx_hal_tim_ex.o
                0x080060d0                HAL_TIMEx_MasterConfigSynchronization
 .text.HAL_TIMEx_ConfigBreakDeadTime
                0x0800614c       0x4c ./Drivers/STM32F4xx_HAL_Driver/Src/stm32f4xx_hal_tim_ex.o
                0x0800614c                HAL_TIMEx_ConfigBreakDeadTime
 .text.HAL_TIMEx_CommutCallback
                0x08006198        0x2 ./Drivers/STM32F4xx_HAL_Driver/Src/stm32f4xx_hal_tim_ex.o
                0x08006198                HAL_TIMEx_CommutCallback
 .text.HAL_TIMEx_BreakCallback
                0x0800619a        0x2 ./Drivers/STM32F4xx_HAL_Driver/Src/stm32f4xx_hal_tim_ex.o
                0x0800619a                HAL_TIMEx_BreakCallback
 .text.UART_EndRxTransfer
                0x0800619c       0x5c ./Drivers/STM32F4xx_HAL_Driver/Src/stm32f4xx_hal_uart.o
 .text.UART_SetConfig
                0x080061f8       0xbc ./Drivers/STM32F4xx_HAL_Driver/Src/stm32f4xx_hal_uart.o
 .text.UART_WaitOnFlagUntilTimeout.constprop.0
                0x080062b4       0x6c ./Drivers/STM32F4xx_HAL_Driver/Src/stm32f4xx_hal_uart.o
 .text.HAL_UART_Init
                0x08006320       0x5c ./Drivers/STM32F4xx_HAL_Driver/Src/stm32f4xx_hal_uart.o
                0x08006320                HAL_UART_Init
 .text.HAL_UART_Transmit
                0x0800637c       0xaa ./Drivers/STM32F4xx_HAL_Driver/Src/stm32f4xx_hal_uart.o
                0x0800637c                HAL_UART_Transmit
 .text.HAL_UART_TxCpltCallback
                0x08006426        0x2 ./Drivers/STM32F4xx_HAL_Driver/Src/stm32f4xx_hal_uart.o
                0x08006426                HAL_UART_TxCpltCallback
 .text.HAL_UART_ErrorCallback
                0x08006428        0x2 ./Drivers/STM32F4xx_HAL_Driver/Src/stm32f4xx_hal_uart.o
                0x08006428                HAL_UART_ErrorCallback
 .text.UART_DMAAbortOnError
                0x0800642a       0x10 ./Drivers/STM32F4xx_HAL_Driver/Src/stm32f4xx_hal_uart.o
 .text.HAL_UARTEx_RxEventCallback
                0x0800643a        0x2 ./Drivers/STM32F4xx_HAL_Driver/Src/stm32f4xx_hal_uart.o
                0x0800643a                HAL_UARTEx_RxEventCallback
 .text.UART_Receive_IT.isra.0
                0x0800643c       0xb4 ./Drivers/STM32F4xx_HAL_Driver/Src/stm32f4xx_hal_uart.o
 .text.HAL_UART_IRQHandler
                0x080064f0      0x28c ./Drivers/STM32F4xx_HAL_Driver/Src/stm32f4xx_hal_uart.o
                0x080064f0                HAL_UART_IRQHandler
 .text.UART_Start_Receive_IT
                0x0800677c       0x36 ./Drivers/STM32F4xx_HAL_Driver/Src/stm32f4xx_hal_uart.o
                0x0800677c                UART_Start_Receive_IT
 .text.HAL_UART_Receive_IT
                0x080067b2       0x30 ./Drivers/STM32F4xx_HAL_Driver/Src/stm32f4xx_hal_uart.o
                0x080067b2                HAL_UART_Receive_IT
 .text.atof     0x080067e2        0x6 c:/program files (x86)/arm gnu toolchain arm-none-eabi/11.2 2022.02/bin/../lib/gcc/arm-none-eabi/11.2.1/thumb/v7e-m+fp/hard\libc_nano.a(lib_a-atof.o)
                0x080067e2                atof
 .text.atoi     0x080067e8        0x8 c:/program files (x86)/arm gnu toolchain arm-none-eabi/11.2 2022.02/bin/../lib/gcc/arm-none-eabi/11.2.1/thumb/v7e-m+fp/hard\libc_nano.a(lib_a-atoi.o)
                0x080067e8                atoi
 .text.__errno  0x080067f0        0xc c:/program files (x86)/arm gnu toolchain arm-none-eabi/11.2 2022.02/bin/../lib/gcc/arm-none-eabi/11.2.1/thumb/v7e-m+fp/hard\libc_nano.a(lib_a-errno.o)
                0x080067f0                __errno
 .text.__libc_init_array
                0x080067fc       0x48 c:/program files (x86)/arm gnu toolchain arm-none-eabi/11.2 2022.02/bin/../lib/gcc/arm-none-eabi/11.2.1/thumb/v7e-m+fp/hard\libc_nano.a(lib_a-init.o)
                0x080067fc                __libc_init_array
 .text.memcpy   0x08006844       0x1c c:/program files (x86)/arm gnu toolchain arm-none-eabi/11.2 2022.02/bin/../lib/gcc/arm-none-eabi/11.2.1/thumb/v7e-m+fp/hard\libc_nano.a(lib_a-memcpy-stub.o)
                0x08006844                memcpy
 .text.memmove  0x08006860       0x34 c:/program files (x86)/arm gnu toolchain arm-none-eabi/11.2 2022.02/bin/../lib/gcc/arm-none-eabi/11.2.1/thumb/v7e-m+fp/hard\libc_nano.a(lib_a-memmove.o)
                0x08006860                memmove
 .text.memset   0x08006894       0x10 c:/program files (x86)/arm gnu toolchain arm-none-eabi/11.2 2022.02/bin/../lib/gcc/arm-none-eabi/11.2.1/thumb/v7e-m+fp/hard\libc_nano.a(lib_a-memset.o)
                0x08006894                memset
 .text.__cvt    0x080068a4       0xc4 c:/program files (x86)/arm gnu toolchain arm-none-eabi/11.2 2022.02/bin/../lib/gcc/arm-none-eabi/11.2.1/thumb/v7e-m+fp/hard\libc_nano.a(lib_a-nano-vfprintf_float.o)
                0x080068a4                __cvt
 .text.__exponent
                0x08006968       0x7c c:/program files (x86)/arm gnu toolchain arm-none-eabi/11.2 2022.02/bin/../lib/gcc/arm-none-eabi/11.2.1/thumb/v7e-m+fp/hard\libc_nano.a(lib_a-nano-vfprintf_float.o)
                0x08006968                __exponent
 .text._printf_float
                0x080069e4      0x46c c:/program files (x86)/arm gnu toolchain arm-none-eabi/11.2 2022.02/bin/../lib/gcc/arm-none-eabi/11.2.1/thumb/v7e-m+fp/hard\libc_nano.a(lib_a-nano-vfprintf_float.o)
                0x080069e4                _printf_float
 .text._printf_common
                0x08006e50       0xda c:/program files (x86)/arm gnu toolchain arm-none-eabi/11.2 2022.02/bin/../lib/gcc/arm-none-eabi/11.2.1/thumb/v7e-m+fp/hard\libc_nano.a(lib_a-nano-vfprintf_i.o)
                0x08006e50                _printf_common
 *fill*         0x08006f2a        0x2 
 .text._printf_i
                0x08006f2c      0x244 c:/program files (x86)/arm gnu toolchain arm-none-eabi/11.2 2022.02/bin/../lib/gcc/arm-none-eabi/11.2.1/thumb/v7e-m+fp/hard\libc_nano.a(lib_a-nano-vfprintf_i.o)
                0x08006f2c                _printf_i
 .text.printf   0x08007170       0x30 c:/program files (x86)/arm gnu toolchain arm-none-eabi/11.2 2022.02/bin/../lib/gcc/arm-none-eabi/11.2.1/thumb/v7e-m+fp/hard\libc_nano.a(lib_a-printf.o)
                0x08007170                iprintf
                0x08007170                printf
 .text._puts_r  0x080071a0       0xb8 c:/program files (x86)/arm gnu toolchain arm-none-eabi/11.2 2022.02/bin/../lib/gcc/arm-none-eabi/11.2.1/thumb/v7e-m+fp/hard\libc_nano.a(lib_a-puts.o)
                0x080071a0                _puts_r
 .text.puts     0x08007258       0x10 c:/program files (x86)/arm gnu toolchain arm-none-eabi/11.2 2022.02/bin/../lib/gcc/arm-none-eabi/11.2.1/thumb/v7e-m+fp/hard\libc_nano.a(lib_a-puts.o)
                0x08007258                puts
 .text.sulp     0x08007268       0x38 c:/program files (x86)/arm gnu toolchain arm-none-eabi/11.2 2022.02/bin/../lib/gcc/arm-none-eabi/11.2.1/thumb/v7e-m+fp/hard\libc_nano.a(lib_a-strtod.o)
 .text._strtod_l
                0x080072a0      0xbe0 c:/program files (x86)/arm gnu toolchain arm-none-eabi/11.2 2022.02/bin/../lib/gcc/arm-none-eabi/11.2.1/thumb/v7e-m+fp/hard\libc_nano.a(lib_a-strtod.o)
                0x080072a0                _strtod_l
 .text.strtod   0x08007e80       0x18 c:/program files (x86)/arm gnu toolchain arm-none-eabi/11.2 2022.02/bin/../lib/gcc/arm-none-eabi/11.2.1/thumb/v7e-m+fp/hard\libc_nano.a(lib_a-strtod.o)
                0x08007e80                strtod
 .text._strtol_l.constprop.0
                0x08007e98      0x104 c:/program files (x86)/arm gnu toolchain arm-none-eabi/11.2 2022.02/bin/../lib/gcc/arm-none-eabi/11.2.1/thumb/v7e-m+fp/hard\libc_nano.a(lib_a-strtol.o)
 .text.strtol   0x08007f9c       0x14 c:/program files (x86)/arm gnu toolchain arm-none-eabi/11.2 2022.02/bin/../lib/gcc/arm-none-eabi/11.2.1/thumb/v7e-m+fp/hard\libc_nano.a(lib_a-strtol.o)
                0x08007f9c                strtol
 .text.__swbuf_r
                0x08007fb0       0xa4 c:/program files (x86)/arm gnu toolchain arm-none-eabi/11.2 2022.02/bin/../lib/gcc/arm-none-eabi/11.2.1/thumb/v7e-m+fp/hard\libc_nano.a(lib_a-wbuf.o)
                0x08007fb0                __swbuf_r
 .text.__swsetup_r
                0x08008054       0xdc c:/program files (x86)/arm gnu toolchain arm-none-eabi/11.2 2022.02/bin/../lib/gcc/arm-none-eabi/11.2.1/thumb/v7e-m+fp/hard\libc_nano.a(lib_a-wsetup.o)
                0x08008054                __swsetup_r
 .text.quorem   0x08008130      0x110 c:/program files (x86)/arm gnu toolchain arm-none-eabi/11.2 2022.02/bin/../lib/gcc/arm-none-eabi/11.2.1/thumb/v7e-m+fp/hard\libc_nano.a(lib_a-dtoa.o)
 .text._dtoa_r  0x08008240      0xbe4 c:/program files (x86)/arm gnu toolchain arm-none-eabi/11.2 2022.02/bin/../lib/gcc/arm-none-eabi/11.2.1/thumb/v7e-m+fp/hard\libc_nano.a(lib_a-dtoa.o)
                0x08008240                _dtoa_r
 .text.__sflush_r
                0x08008e24      0x10c c:/program files (x86)/arm gnu toolchain arm-none-eabi/11.2 2022.02/bin/../lib/gcc/arm-none-eabi/11.2.1/thumb/v7e-m+fp/hard\libc_nano.a(lib_a-fflush.o)
                0x08008e24                __sflush_r
 .text._fflush_r
                0x08008f30       0x54 c:/program files (x86)/arm gnu toolchain arm-none-eabi/11.2 2022.02/bin/../lib/gcc/arm-none-eabi/11.2.1/thumb/v7e-m+fp/hard\libc_nano.a(lib_a-fflush.o)
                0x08008f30                _fflush_r
 .text.std      0x08008f84       0x48 c:/program files (x86)/arm gnu toolchain arm-none-eabi/11.2 2022.02/bin/../lib/gcc/arm-none-eabi/11.2.1/thumb/v7e-m+fp/hard\libc_nano.a(lib_a-findfp.o)
 .text._cleanup_r
                0x08008fcc        0xc c:/program files (x86)/arm gnu toolchain arm-none-eabi/11.2 2022.02/bin/../lib/gcc/arm-none-eabi/11.2.1/thumb/v7e-m+fp/hard\libc_nano.a(lib_a-findfp.o)
                0x08008fcc                _cleanup_r
 .text.__sfmoreglue
                0x08008fd8       0x2c c:/program files (x86)/arm gnu toolchain arm-none-eabi/11.2 2022.02/bin/../lib/gcc/arm-none-eabi/11.2.1/thumb/v7e-m+fp/hard\libc_nano.a(lib_a-findfp.o)
                0x08008fd8                __sfmoreglue
 .text.__sinit  0x08009004       0x60 c:/program files (x86)/arm gnu toolchain arm-none-eabi/11.2 2022.02/bin/../lib/gcc/arm-none-eabi/11.2.1/thumb/v7e-m+fp/hard\libc_nano.a(lib_a-findfp.o)
                0x08009004                __sinit
 .text.__sfp    0x08009064       0x78 c:/program files (x86)/arm gnu toolchain arm-none-eabi/11.2 2022.02/bin/../lib/gcc/arm-none-eabi/11.2.1/thumb/v7e-m+fp/hard\libc_nano.a(lib_a-findfp.o)
                0x08009064                __sfp
 .text._fwalk_reent
                0x080090dc       0x3e c:/program files (x86)/arm gnu toolchain arm-none-eabi/11.2 2022.02/bin/../lib/gcc/arm-none-eabi/11.2.1/thumb/v7e-m+fp/hard\libc_nano.a(lib_a-fwalk.o)
                0x080090dc                _fwalk_reent
 .text.rshift   0x0800911a       0xa4 c:/program files (x86)/arm gnu toolchain arm-none-eabi/11.2 2022.02/bin/../lib/gcc/arm-none-eabi/11.2.1/thumb/v7e-m+fp/hard\libc_nano.a(lib_a-gdtoa-gethex.o)
 .text.__hexdig_fun
                0x080091be       0x2a c:/program files (x86)/arm gnu toolchain arm-none-eabi/11.2 2022.02/bin/../lib/gcc/arm-none-eabi/11.2.1/thumb/v7e-m+fp/hard\libc_nano.a(lib_a-gdtoa-gethex.o)
                0x080091be                __hexdig_fun
 .text.__gethex
                0x080091e8      0x488 c:/program files (x86)/arm gnu toolchain arm-none-eabi/11.2 2022.02/bin/../lib/gcc/arm-none-eabi/11.2.1/thumb/v7e-m+fp/hard\libc_nano.a(lib_a-gdtoa-gethex.o)
                0x080091e8                __gethex
 .text.L_shift  0x08009670       0x24 c:/program files (x86)/arm gnu toolchain arm-none-eabi/11.2 2022.02/bin/../lib/gcc/arm-none-eabi/11.2.1/thumb/v7e-m+fp/hard\libc_nano.a(lib_a-gdtoa-hexnan.o)
 .text.__match  0x08009694       0x28 c:/program files (x86)/arm gnu toolchain arm-none-eabi/11.2 2022.02/bin/../lib/gcc/arm-none-eabi/11.2.1/thumb/v7e-m+fp/hard\libc_nano.a(lib_a-gdtoa-hexnan.o)
                0x08009694                __match
 .text.__hexnan
                0x080096bc      0x136 c:/program files (x86)/arm gnu toolchain arm-none-eabi/11.2 2022.02/bin/../lib/gcc/arm-none-eabi/11.2.1/thumb/v7e-m+fp/hard\libc_nano.a(lib_a-gdtoa-hexnan.o)
                0x080096bc                __hexnan
 *fill*         0x080097f2        0x2 
 .text._localeconv_r
                0x080097f4        0x8 c:/program files (x86)/arm gnu toolchain arm-none-eabi/11.2 2022.02/bin/../lib/gcc/arm-none-eabi/11.2.1/thumb/v7e-m+fp/hard\libc_nano.a(lib_a-localeconv.o)
                0x080097f4                _localeconv_r
 .text.__swhatbuf_r
                0x080097fc       0x4c c:/program files (x86)/arm gnu toolchain arm-none-eabi/11.2 2022.02/bin/../lib/gcc/arm-none-eabi/11.2.1/thumb/v7e-m+fp/hard\libc_nano.a(lib_a-makebuf.o)
                0x080097fc                __swhatbuf_r
 .text.__smakebuf_r
                0x08009848       0x80 c:/program files (x86)/arm gnu toolchain arm-none-eabi/11.2 2022.02/bin/../lib/gcc/arm-none-eabi/11.2.1/thumb/v7e-m+fp/hard\libc_nano.a(lib_a-makebuf.o)
                0x08009848                __smakebuf_r
 .text.malloc   0x080098c8       0x10 c:/program files (x86)/arm gnu toolchain arm-none-eabi/11.2 2022.02/bin/../lib/gcc/arm-none-eabi/11.2.1/thumb/v7e-m+fp/hard\libc_nano.a(lib_a-malloc.o)
                0x080098c8                malloc
 .text.__ascii_mbtowc
                0x080098d8       0x24 c:/program files (x86)/arm gnu toolchain arm-none-eabi/11.2 2022.02/bin/../lib/gcc/arm-none-eabi/11.2.1/thumb/v7e-m+fp/hard\libc_nano.a(lib_a-mbtowc_r.o)
                0x080098d8                __ascii_mbtowc
 .text._Balloc  0x080098fc       0x80 c:/program files (x86)/arm gnu toolchain arm-none-eabi/11.2 2022.02/bin/../lib/gcc/arm-none-eabi/11.2.1/thumb/v7e-m+fp/hard\libc_nano.a(lib_a-mprec.o)
                0x080098fc                _Balloc
 .text._Bfree   0x0800997c       0x44 c:/program files (x86)/arm gnu toolchain arm-none-eabi/11.2 2022.02/bin/../lib/gcc/arm-none-eabi/11.2.1/thumb/v7e-m+fp/hard\libc_nano.a(lib_a-mprec.o)
                0x0800997c                _Bfree
 .text.__multadd
                0x080099c0       0x8c c:/program files (x86)/arm gnu toolchain arm-none-eabi/11.2 2022.02/bin/../lib/gcc/arm-none-eabi/11.2.1/thumb/v7e-m+fp/hard\libc_nano.a(lib_a-mprec.o)
                0x080099c0                __multadd
 .text.__s2b    0x08009a4c       0x94 c:/program files (x86)/arm gnu toolchain arm-none-eabi/11.2 2022.02/bin/../lib/gcc/arm-none-eabi/11.2.1/thumb/v7e-m+fp/hard\libc_nano.a(lib_a-mprec.o)
                0x08009a4c                __s2b
 .text.__hi0bits
                0x08009ae0       0x40 c:/program files (x86)/arm gnu toolchain arm-none-eabi/11.2 2022.02/bin/../lib/gcc/arm-none-eabi/11.2.1/thumb/v7e-m+fp/hard\libc_nano.a(lib_a-mprec.o)
                0x08009ae0                __hi0bits
 .text.__lo0bits
                0x08009b20       0x5a c:/program files (x86)/arm gnu toolchain arm-none-eabi/11.2 2022.02/bin/../lib/gcc/arm-none-eabi/11.2.1/thumb/v7e-m+fp/hard\libc_nano.a(lib_a-mprec.o)
                0x08009b20                __lo0bits
 *fill*         0x08009b7a        0x2 
 .text.__i2b    0x08009b7c       0x2c c:/program files (x86)/arm gnu toolchain arm-none-eabi/11.2 2022.02/bin/../lib/gcc/arm-none-eabi/11.2.1/thumb/v7e-m+fp/hard\libc_nano.a(lib_a-mprec.o)
                0x08009b7c                __i2b
 .text.__multiply
                0x08009ba8      0x154 c:/program files (x86)/arm gnu toolchain arm-none-eabi/11.2 2022.02/bin/../lib/gcc/arm-none-eabi/11.2.1/thumb/v7e-m+fp/hard\libc_nano.a(lib_a-mprec.o)
                0x08009ba8                __multiply
 .text.__pow5mult
                0x08009cfc       0xb4 c:/program files (x86)/arm gnu toolchain arm-none-eabi/11.2 2022.02/bin/../lib/gcc/arm-none-eabi/11.2.1/thumb/v7e-m+fp/hard\libc_nano.a(lib_a-mprec.o)
                0x08009cfc                __pow5mult
 .text.__lshift
                0x08009db0       0xd8 c:/program files (x86)/arm gnu toolchain arm-none-eabi/11.2 2022.02/bin/../lib/gcc/arm-none-eabi/11.2.1/thumb/v7e-m+fp/hard\libc_nano.a(lib_a-mprec.o)
                0x08009db0                __lshift
 .text.__mcmp   0x08009e88       0x38 c:/program files (x86)/arm gnu toolchain arm-none-eabi/11.2 2022.02/bin/../lib/gcc/arm-none-eabi/11.2.1/thumb/v7e-m+fp/hard\libc_nano.a(lib_a-mprec.o)
                0x08009e88                __mcmp
 .text.__mdiff  0x08009ec0      0x114 c:/program files (x86)/arm gnu toolchain arm-none-eabi/11.2 2022.02/bin/../lib/gcc/arm-none-eabi/11.2.1/thumb/v7e-m+fp/hard\libc_nano.a(lib_a-mprec.o)
                0x08009ec0                __mdiff
 .text.__ulp    0x08009fd4       0x4c c:/program files (x86)/arm gnu toolchain arm-none-eabi/11.2 2022.02/bin/../lib/gcc/arm-none-eabi/11.2.1/thumb/v7e-m+fp/hard\libc_nano.a(lib_a-mprec.o)
                0x08009fd4                __ulp
 .text.__b2d    0x0800a020       0x94 c:/program files (x86)/arm gnu toolchain arm-none-eabi/11.2 2022.02/bin/../lib/gcc/arm-none-eabi/11.2.1/thumb/v7e-m+fp/hard\libc_nano.a(lib_a-mprec.o)
                0x0800a020                __b2d
 .text.__d2b    0x0800a0b4       0xb4 c:/program files (x86)/arm gnu toolchain arm-none-eabi/11.2 2022.02/bin/../lib/gcc/arm-none-eabi/11.2.1/thumb/v7e-m+fp/hard\libc_nano.a(lib_a-mprec.o)
                0x0800a0b4                __d2b
 .text.__ratio  0x0800a168       0x66 c:/program files (x86)/arm gnu toolchain arm-none-eabi/11.2 2022.02/bin/../lib/gcc/arm-none-eabi/11.2.1/thumb/v7e-m+fp/hard\libc_nano.a(lib_a-mprec.o)
                0x0800a168                __ratio
 .text.__copybits
                0x0800a1ce       0x46 c:/program files (x86)/arm gnu toolchain arm-none-eabi/11.2 2022.02/bin/../lib/gcc/arm-none-eabi/11.2.1/thumb/v7e-m+fp/hard\libc_nano.a(lib_a-mprec.o)
                0x0800a1ce                __copybits
 .text.__any_on
                0x0800a214       0x42 c:/program files (x86)/arm gnu toolchain arm-none-eabi/11.2 2022.02/bin/../lib/gcc/arm-none-eabi/11.2.1/thumb/v7e-m+fp/hard\libc_nano.a(lib_a-mprec.o)
                0x0800a214                __any_on
 .text._calloc_r
                0x0800a256       0x2c c:/program files (x86)/arm gnu toolchain arm-none-eabi/11.2 2022.02/bin/../lib/gcc/arm-none-eabi/11.2.1/thumb/v7e-m+fp/hard\libc_nano.a(lib_a-nano-callocr.o)
                0x0800a256                _calloc_r
 *fill*         0x0800a282        0x2 
 .text._free_r  0x0800a284       0x98 c:/program files (x86)/arm gnu toolchain arm-none-eabi/11.2 2022.02/bin/../lib/gcc/arm-none-eabi/11.2.1/thumb/v7e-m+fp/hard\libc_nano.a(lib_a-nano-freer.o)
                0x0800a284                _free_r
 .text.sbrk_aligned
                0x0800a31c       0x40 c:/program files (x86)/arm gnu toolchain arm-none-eabi/11.2 2022.02/bin/../lib/gcc/arm-none-eabi/11.2.1/thumb/v7e-m+fp/hard\libc_nano.a(lib_a-nano-mallocr.o)
 .text._malloc_r
                0x0800a35c       0xe8 c:/program files (x86)/arm gnu toolchain arm-none-eabi/11.2 2022.02/bin/../lib/gcc/arm-none-eabi/11.2.1/thumb/v7e-m+fp/hard\libc_nano.a(lib_a-nano-mallocr.o)
                0x0800a35c                _malloc_r
 .text.__sfputc_r
                0x0800a444       0x2e c:/program files (x86)/arm gnu toolchain arm-none-eabi/11.2 2022.02/bin/../lib/gcc/arm-none-eabi/11.2.1/thumb/v7e-m+fp/hard\libc_nano.a(lib_a-nano-vfprintf.o)
 .text.__sfputs_r
                0x0800a472       0x24 c:/program files (x86)/arm gnu toolchain arm-none-eabi/11.2 2022.02/bin/../lib/gcc/arm-none-eabi/11.2.1/thumb/v7e-m+fp/hard\libc_nano.a(lib_a-nano-vfprintf.o)
                0x0800a472                __sfputs_r
 *fill*         0x0800a496        0x2 
 .text._vfprintf_r
                0x0800a498      0x228 c:/program files (x86)/arm gnu toolchain arm-none-eabi/11.2 2022.02/bin/../lib/gcc/arm-none-eabi/11.2.1/thumb/v7e-m+fp/hard\libc_nano.a(lib_a-nano-vfprintf.o)
                0x0800a498                _vfprintf_r
                0x0800a498                _vfiprintf_r
 .text._sbrk_r  0x0800a6c0       0x20 c:/program files (x86)/arm gnu toolchain arm-none-eabi/11.2 2022.02/bin/../lib/gcc/arm-none-eabi/11.2.1/thumb/v7e-m+fp/hard\libc_nano.a(lib_a-sbrkr.o)
                0x0800a6c0                _sbrk_r
 .text.nan      0x0800a6e0       0x10 c:/program files (x86)/arm gnu toolchain arm-none-eabi/11.2 2022.02/bin/../lib/gcc/arm-none-eabi/11.2.1/thumb/v7e-m+fp/hard\libc_nano.a(lib_a-s_nan.o)
                0x0800a6e0                nan
 .text.__sread  0x0800a6f0       0x22 c:/program files (x86)/arm gnu toolchain arm-none-eabi/11.2 2022.02/bin/../lib/gcc/arm-none-eabi/11.2.1/thumb/v7e-m+fp/hard\libc_nano.a(lib_a-stdio.o)
                0x0800a6f0                __sread
 .text.__swrite
                0x0800a712       0x38 c:/program files (x86)/arm gnu toolchain arm-none-eabi/11.2 2022.02/bin/../lib/gcc/arm-none-eabi/11.2.1/thumb/v7e-m+fp/hard\libc_nano.a(lib_a-stdio.o)
                0x0800a712                __swrite
 .text.__sseek  0x0800a74a       0x24 c:/program files (x86)/arm gnu toolchain arm-none-eabi/11.2 2022.02/bin/../lib/gcc/arm-none-eabi/11.2.1/thumb/v7e-m+fp/hard\libc_nano.a(lib_a-stdio.o)
                0x0800a74a                __sseek
 .text.__sclose
                0x0800a76e        0x8 c:/program files (x86)/arm gnu toolchain arm-none-eabi/11.2 2022.02/bin/../lib/gcc/arm-none-eabi/11.2.1/thumb/v7e-m+fp/hard\libc_nano.a(lib_a-stdio.o)
                0x0800a76e                __sclose
 .text.strncmp  0x0800a776       0x24 c:/program files (x86)/arm gnu toolchain arm-none-eabi/11.2 2022.02/bin/../lib/gcc/arm-none-eabi/11.2.1/thumb/v7e-m+fp/hard\libc_nano.a(lib_a-strncmp.o)
                0x0800a776                strncmp
 .text.__ascii_wctomb
                0x0800a79a       0x1a c:/program files (x86)/arm gnu toolchain arm-none-eabi/11.2 2022.02/bin/../lib/gcc/arm-none-eabi/11.2.1/thumb/v7e-m+fp/hard\libc_nano.a(lib_a-wctomb_r.o)
                0x0800a79a                __ascii_wctomb
 .text._write_r
                0x0800a7b4       0x24 c:/program files (x86)/arm gnu toolchain arm-none-eabi/11.2 2022.02/bin/../lib/gcc/arm-none-eabi/11.2.1/thumb/v7e-m+fp/hard\libc_nano.a(lib_a-writer.o)
                0x0800a7b4                _write_r
 .text.__assert_func
                0x0800a7d8       0x3c c:/program files (x86)/arm gnu toolchain arm-none-eabi/11.2 2022.02/bin/../lib/gcc/arm-none-eabi/11.2.1/thumb/v7e-m+fp/hard\libc_nano.a(lib_a-assert.o)
                0x0800a7d8                __assert_func
 .text._close_r
                0x0800a814       0x20 c:/program files (x86)/arm gnu toolchain arm-none-eabi/11.2 2022.02/bin/../lib/gcc/arm-none-eabi/11.2.1/thumb/v7e-m+fp/hard\libc_nano.a(lib_a-closer.o)
                0x0800a814                _close_r
 .text.fprintf  0x0800a834       0x24 c:/program files (x86)/arm gnu toolchain arm-none-eabi/11.2 2022.02/bin/../lib/gcc/arm-none-eabi/11.2.1/thumb/v7e-m+fp/hard\libc_nano.a(lib_a-fprintf.o)
                0x0800a834                fiprintf
                0x0800a834                fprintf
 .text._fstat_r
                0x0800a858       0x24 c:/program files (x86)/arm gnu toolchain arm-none-eabi/11.2 2022.02/bin/../lib/gcc/arm-none-eabi/11.2.1/thumb/v7e-m+fp/hard\libc_nano.a(lib_a-fstatr.o)
                0x0800a858                _fstat_r
 .text._isatty_r
                0x0800a87c       0x20 c:/program files (x86)/arm gnu toolchain arm-none-eabi/11.2 2022.02/bin/../lib/gcc/arm-none-eabi/11.2.1/thumb/v7e-m+fp/hard\libc_nano.a(lib_a-isattyr.o)
                0x0800a87c                _isatty_r
 .text._lseek_r
                0x0800a89c       0x24 c:/program files (x86)/arm gnu toolchain arm-none-eabi/11.2 2022.02/bin/../lib/gcc/arm-none-eabi/11.2.1/thumb/v7e-m+fp/hard\libc_nano.a(lib_a-lseekr.o)
                0x0800a89c                _lseek_r
 .text.__malloc_lock
                0x0800a8c0        0x2 c:/program files (x86)/arm gnu toolchain arm-none-eabi/11.2 2022.02/bin/../lib/gcc/arm-none-eabi/11.2.1/thumb/v7e-m+fp/hard\libc_nano.a(lib_a-mlock.o)
                0x0800a8c0                __malloc_lock
 .text.__malloc_unlock
                0x0800a8c2        0x2 c:/program files (x86)/arm gnu toolchain arm-none-eabi/11.2 2022.02/bin/../lib/gcc/arm-none-eabi/11.2.1/thumb/v7e-m+fp/hard\libc_nano.a(lib_a-mlock.o)
                0x0800a8c2                __malloc_unlock
 .text._read_r  0x0800a8c4       0x24 c:/program files (x86)/arm gnu toolchain arm-none-eabi/11.2 2022.02/bin/../lib/gcc/arm-none-eabi/11.2.1/thumb/v7e-m+fp/hard\libc_nano.a(lib_a-readr.o)
                0x0800a8c4                _read_r
 .text.abort    0x0800a8e8        0xe c:/program files (x86)/arm gnu toolchain arm-none-eabi/11.2 2022.02/bin/../lib/gcc/arm-none-eabi/11.2.1/thumb/v7e-m+fp/hard\libc_nano.a(lib_a-abort.o)
                0x0800a8e8                abort
 .text._raise_r
                0x0800a8f6       0x50 c:/program files (x86)/arm gnu toolchain arm-none-eabi/11.2 2022.02/bin/../lib/gcc/arm-none-eabi/11.2.1/thumb/v7e-m+fp/hard\libc_nano.a(lib_a-signal.o)
                0x0800a8f6                _raise_r
 *fill*         0x0800a946        0x2 
 .text.raise    0x0800a948       0x10 c:/program files (x86)/arm gnu toolchain arm-none-eabi/11.2 2022.02/bin/../lib/gcc/arm-none-eabi/11.2.1/thumb/v7e-m+fp/hard\libc_nano.a(lib_a-signal.o)
                0x0800a948                raise
 .text._kill_r  0x0800a958       0x24 c:/program files (x86)/arm gnu toolchain arm-none-eabi/11.2 2022.02/bin/../lib/gcc/arm-none-eabi/11.2.1/thumb/v7e-m+fp/hard\libc_nano.a(lib_a-signalr.o)
                0x0800a958                _kill_r
 .text._getpid_r
                0x0800a97c        0x4 c:/program files (x86)/arm gnu toolchain arm-none-eabi/11.2 2022.02/bin/../lib/gcc/arm-none-eabi/11.2.1/thumb/v7e-m+fp/hard\libc_nano.a(lib_a-signalr.o)
                0x0800a97c                _getpid_r
 .text.fmaxf    0x0800a980       0x3c c:/program files (x86)/arm gnu toolchain arm-none-eabi/11.2 2022.02/bin/../lib/gcc/arm-none-eabi/11.2.1/thumb/v7e-m+fp/hard\libm.a(lib_a-sf_fmax.o)
                0x0800a980                fmaxf
 .text.fminf    0x0800a9bc       0x3c c:/program files (x86)/arm gnu toolchain arm-none-eabi/11.2 2022.02/bin/../lib/gcc/arm-none-eabi/11.2.1/thumb/v7e-m+fp/hard\libm.a(lib_a-sf_fmin.o)
                0x0800a9bc                fminf
 .text.__fpclassifyf
                0x0800a9f8       0x38 c:/program files (x86)/arm gnu toolchain arm-none-eabi/11.2 2022.02/bin/../lib/gcc/arm-none-eabi/11.2.1/thumb/v7e-m+fp/hard\libm.a(lib_a-sf_fpclassify.o)
                0x0800a9f8                __fpclassifyf
 .text.round    0x0800aa30       0xa0 c:/program files (x86)/arm gnu toolchain arm-none-eabi/11.2 2022.02/bin/../lib/gcc/arm-none-eabi/11.2.1/thumb/v7e-m+fp/hard\libm.a(lib_a-s_round.o)
                0x0800aa30                round
 .text.exp      0x0800aad0       0xa0 c:/program files (x86)/arm gnu toolchain arm-none-eabi/11.2 2022.02/bin/../lib/gcc/arm-none-eabi/11.2.1/thumb/v7e-m+fp/hard\libm.a(lib_a-w_exp.o)
                0x0800aad0                exp
 .text.fmodf    0x0800ab70       0x48 c:/program files (x86)/arm gnu toolchain arm-none-eabi/11.2 2022.02/bin/../lib/gcc/arm-none-eabi/11.2.1/thumb/v7e-m+fp/hard\libm.a(lib_a-wf_fmod.o)
                0x0800ab70                fmodf
 .text.sqrtf    0x0800abb8       0x44 c:/program files (x86)/arm gnu toolchain arm-none-eabi/11.2 2022.02/bin/../lib/gcc/arm-none-eabi/11.2.1/thumb/v7e-m+fp/hard\libm.a(lib_a-wf_sqrt.o)
                0x0800abb8                sqrtf
 *fill*         0x0800abfc        0x4 
 .text.__ieee754_exp
                0x0800ac00      0x3dc c:/program files (x86)/arm gnu toolchain arm-none-eabi/11.2 2022.02/bin/../lib/gcc/arm-none-eabi/11.2.1/thumb/v7e-m+fp/hard\libm.a(lib_a-e_exp.o)
                0x0800ac00                __ieee754_exp
 .text.__ieee754_fmodf
                0x0800afdc      0x120 c:/program files (x86)/arm gnu toolchain arm-none-eabi/11.2 2022.02/bin/../lib/gcc/arm-none-eabi/11.2.1/thumb/v7e-m+fp/hard\libm.a(lib_a-ef_fmod.o)
                0x0800afdc                __ieee754_fmodf
 .text.__ieee754_sqrtf
                0x0800b0fc        0x8 c:/program files (x86)/arm gnu toolchain arm-none-eabi/11.2 2022.02/bin/../lib/gcc/arm-none-eabi/11.2.1/thumb/v7e-m+fp/hard\libm.a(lib_a-ef_sqrt.o)
                0x0800b0fc                __ieee754_sqrtf
 .text.with_errno
                0x0800b104       0x18 c:/program files (x86)/arm gnu toolchain arm-none-eabi/11.2 2022.02/bin/../lib/gcc/arm-none-eabi/11.2.1/thumb/v7e-m+fp/hard\libm.a(lib_a-math_err.o)
 .text.xflow    0x0800b11c       0x2c c:/program files (x86)/arm gnu toolchain arm-none-eabi/11.2 2022.02/bin/../lib/gcc/arm-none-eabi/11.2.1/thumb/v7e-m+fp/hard\libm.a(lib_a-math_err.o)
 .text.__math_uflow
                0x0800b148       0x14 c:/program files (x86)/arm gnu toolchain arm-none-eabi/11.2 2022.02/bin/../lib/gcc/arm-none-eabi/11.2.1/thumb/v7e-m+fp/hard\libm.a(lib_a-math_err.o)
                0x0800b148                __math_uflow
 .text.__math_oflow
                0x0800b15c       0x14 c:/program files (x86)/arm gnu toolchain arm-none-eabi/11.2 2022.02/bin/../lib/gcc/arm-none-eabi/11.2.1/thumb/v7e-m+fp/hard\libm.a(lib_a-math_err.o)
                0x0800b15c                __math_oflow
 .text.finite   0x0800b170       0x18 c:/program files (x86)/arm gnu toolchain arm-none-eabi/11.2 2022.02/bin/../lib/gcc/arm-none-eabi/11.2.1/thumb/v7e-m+fp/hard\libm.a(lib_a-s_finite.o)
                0x0800b170                finite
 .text.__fixdfdi
                0x0800b188       0x30 c:/program files (x86)/arm gnu toolchain arm-none-eabi/11.2 2022.02/bin/../lib/gcc/arm-none-eabi/11.2.1/thumb/v7e-m+fp/hard\libgcc.a(_fixdfdi.o)
                0x0800b188                __fixdfdi
                0x0800b188                __aeabi_d2lz
 .text.__fixunsdfdi
                0x0800b1b8       0x3c c:/program files (x86)/arm gnu toolchain arm-none-eabi/11.2 2022.02/bin/../lib/gcc/arm-none-eabi/11.2.1/thumb/v7e-m+fp/hard\libgcc.a(_fixunsdfdi.o)
                0x0800b1b8                __fixunsdfdi
                0x0800b1b8                __aeabi_d2ulz
 .text.__udivmoddi4
                0x0800b1f4      0x2c8 c:/program files (x86)/arm gnu toolchain arm-none-eabi/11.2 2022.02/bin/../lib/gcc/arm-none-eabi/11.2.1/thumb/v7e-m+fp/hard\libgcc.a(_udivmoddi4.o)
                0x0800b1f4                __udivmoddi4
 *(.glue_7)
 .glue_7        0x0800b4bc        0x0 linker stubs
 *(.glue_7t)
 .glue_7t       0x0800b4bc        0x0 linker stubs
 *(.eh_frame)
 .eh_frame      0x0800b4bc        0x0 c:/program files (x86)/arm gnu toolchain arm-none-eabi/11.2 2022.02/bin/../lib/gcc/arm-none-eabi/11.2.1/thumb/v7e-m+fp/hard/crtbegin.o
 *(.init)
 .init          0x0800b4bc        0x4 c:/program files (x86)/arm gnu toolchain arm-none-eabi/11.2 2022.02/bin/../lib/gcc/arm-none-eabi/11.2.1/thumb/v7e-m+fp/hard/crti.o
                0x0800b4bc                _init
 .init          0x0800b4c0        0x8 c:/program files (x86)/arm gnu toolchain arm-none-eabi/11.2 2022.02/bin/../lib/gcc/arm-none-eabi/11.2.1/thumb/v7e-m+fp/hard/crtn.o
 *(.fini)
 .fini          0x0800b4c8        0x4 c:/program files (x86)/arm gnu toolchain arm-none-eabi/11.2 2022.02/bin/../lib/gcc/arm-none-eabi/11.2.1/thumb/v7e-m+fp/hard/crti.o
                0x0800b4c8                _fini
 .fini          0x0800b4cc        0x8 c:/program files (x86)/arm gnu toolchain arm-none-eabi/11.2 2022.02/bin/../lib/gcc/arm-none-eabi/11.2.1/thumb/v7e-m+fp/hard/crtn.o
                0x0800b4d4                . = ALIGN (0x4)
                0x0800b4d4                _etext = .

.vfp11_veneer   0x0800b4d4        0x0
 .vfp11_veneer  0x0800b4d4        0x0 linker stubs

.v4_bx          0x0800b4d4        0x0
 .v4_bx         0x0800b4d4        0x0 linker stubs

.iplt           0x0800b4d4        0x0
 .iplt          0x0800b4d4        0x0 c:/program files (x86)/arm gnu toolchain arm-none-eabi/11.2 2022.02/bin/../lib/gcc/arm-none-eabi/11.2.1/thumb/v7e-m+fp/hard/crtbegin.o

.rodata         0x0800b4d8     0x1438
                0x0800b4d8                . = ALIGN (0x4)
 *(.rodata)
 *(.rodata*)
 .rodata.order_phases.str1.1
                0x0800b4d8       0x76 ./Core/Src/calibration.o
 .rodata.calibrate_encoder.str1.1
                0x0800b54e       0x40 ./Core/Src/calibration.o
 .rodata.drv_print_faults.str1.1
                0x0800b58e       0xb9 ./Core/Src/drv8323.o
 *fill*         0x0800b647        0x1 
 .rodata.__SECTORS
                0x0800b648       0x20 ./Core/Src/flash_writer.o
 .rodata.__SECTOR_ADDRS
                0x0800b668       0x20 ./Core/Src/flash_writer.o
 .rodata.enter_menu_state.str1.1
                0x0800b688       0x8b ./Core/Src/fsm.o
                                 0x90 (size before relaxing)
 .rodata.enter_setup_state.str1.1
                0x0800b713      0x2f1 ./Core/Src/fsm.o
                                0x311 (size before relaxing)
 .rodata.run_fsm.str1.1
                0x0800ba04       0x11 ./Core/Src/fsm.o
 .rodata.process_user_input.str1.1
                0x0800ba15      0x134 ./Core/Src/fsm.o
                                0x146 (size before relaxing)
 .rodata.update_fsm.str1.1
                0x0800bb49       0x25 ./Core/Src/fsm.o
 .rodata.main.str1.1
                0x0800bb6e       0x4a ./Core/Src/main.o
 .rodata.sin_tab
                0x0800bbb8      0x800 ./Core/Src/math_ops.o
                0x0800bbb8                sin_tab
 .rodata.ps_print.str1.1
                0x0800c3b8       0x66 ./Core/Src/position_sensor.o
 .rodata.AHBPrescTable
                0x0800c41e       0x10 ./Core/Src/system_stm32f4xx.o
                0x0800c41e                AHBPrescTable
 .rodata.APBPrescTable
                0x0800c42e        0x8 ./Core/Src/system_stm32f4xx.o
                0x0800c42e                APBPrescTable
 *fill*         0x0800c436        0x2 
 .rodata._global_impure_ptr
                0x0800c438        0x4 c:/program files (x86)/arm gnu toolchain arm-none-eabi/11.2 2022.02/bin/../lib/gcc/arm-none-eabi/11.2.1/thumb/v7e-m+fp/hard\libc_nano.a(lib_a-impure.o)
                0x0800c438                _global_impure_ptr
 .rodata._printf_float.str1.1
                0x0800c43c       0x10 c:/program files (x86)/arm gnu toolchain arm-none-eabi/11.2 2022.02/bin/../lib/gcc/arm-none-eabi/11.2.1/thumb/v7e-m+fp/hard\libc_nano.a(lib_a-nano-vfprintf_float.o)
                                 0x12 (size before relaxing)
 .rodata._printf_i.str1.1
                0x0800c44c       0x22 c:/program files (x86)/arm gnu toolchain arm-none-eabi/11.2 2022.02/bin/../lib/gcc/arm-none-eabi/11.2.1/thumb/v7e-m+fp/hard\libc_nano.a(lib_a-nano-vfprintf_i.o)
 .rodata._strtod_l.str1.1
                0x0800c46e       0x22 c:/program files (x86)/arm gnu toolchain arm-none-eabi/11.2 2022.02/bin/../lib/gcc/arm-none-eabi/11.2.1/thumb/v7e-m+fp/hard\libc_nano.a(lib_a-strtod.o)
                                  0xd (size before relaxing)
 *fill*         0x0800c46e        0x2 
 .rodata.fpi.1  0x0800c470       0x14 c:/program files (x86)/arm gnu toolchain arm-none-eabi/11.2 2022.02/bin/../lib/gcc/arm-none-eabi/11.2.1/thumb/v7e-m+fp/hard\libc_nano.a(lib_a-strtod.o)
 .rodata.fpinan.0
                0x0800c484       0x14 c:/program files (x86)/arm gnu toolchain arm-none-eabi/11.2 2022.02/bin/../lib/gcc/arm-none-eabi/11.2.1/thumb/v7e-m+fp/hard\libc_nano.a(lib_a-strtod.o)
 .rodata.tinytens
                0x0800c498       0x28 c:/program files (x86)/arm gnu toolchain arm-none-eabi/11.2 2022.02/bin/../lib/gcc/arm-none-eabi/11.2.1/thumb/v7e-m+fp/hard\libc_nano.a(lib_a-strtod.o)
 .rodata._ctype_
                0x0800c4c0      0x101 c:/program files (x86)/arm gnu toolchain arm-none-eabi/11.2 2022.02/bin/../lib/gcc/arm-none-eabi/11.2.1/thumb/v7e-m+fp/hard\libc_nano.a(lib_a-ctype_.o)
                0x0800c4c0                _ctype_
 .rodata._dtoa_r.str1.1
                0x0800c5c1       0x8e c:/program files (x86)/arm gnu toolchain arm-none-eabi/11.2 2022.02/bin/../lib/gcc/arm-none-eabi/11.2.1/thumb/v7e-m+fp/hard\libc_nano.a(lib_a-dtoa.o)
                                 0x90 (size before relaxing)
 *fill*         0x0800c64f        0x1 
 .rodata.__sf_fake_stderr
                0x0800c650       0x20 c:/program files (x86)/arm gnu toolchain arm-none-eabi/11.2 2022.02/bin/../lib/gcc/arm-none-eabi/11.2.1/thumb/v7e-m+fp/hard\libc_nano.a(lib_a-findfp.o)
                0x0800c650                __sf_fake_stderr
 .rodata.__sf_fake_stdin
                0x0800c670       0x20 c:/program files (x86)/arm gnu toolchain arm-none-eabi/11.2 2022.02/bin/../lib/gcc/arm-none-eabi/11.2.1/thumb/v7e-m+fp/hard\libc_nano.a(lib_a-findfp.o)
                0x0800c670                __sf_fake_stdin
 .rodata.__sf_fake_stdout
                0x0800c690       0x20 c:/program files (x86)/arm gnu toolchain arm-none-eabi/11.2 2022.02/bin/../lib/gcc/arm-none-eabi/11.2.1/thumb/v7e-m+fp/hard\libc_nano.a(lib_a-findfp.o)
                0x0800c690                __sf_fake_stdout
 .rodata.__gethex.str1.1
                0x0800c6b0       0x61 c:/program files (x86)/arm gnu toolchain arm-none-eabi/11.2 2022.02/bin/../lib/gcc/arm-none-eabi/11.2.1/thumb/v7e-m+fp/hard\libc_nano.a(lib_a-gdtoa-gethex.o)
                                 0x72 (size before relaxing)
 .rodata.str1.1
                0x0800c711        0x2 c:/program files (x86)/arm gnu toolchain arm-none-eabi/11.2 2022.02/bin/../lib/gcc/arm-none-eabi/11.2.1/thumb/v7e-m+fp/hard\libc_nano.a(lib_a-lnumeric.o)
                                  0x3 (size before relaxing)
 *fill*         0x0800c713        0x1 
 .rodata._C_numeric_locale
                0x0800c714        0xc c:/program files (x86)/arm gnu toolchain arm-none-eabi/11.2 2022.02/bin/../lib/gcc/arm-none-eabi/11.2.1/thumb/v7e-m+fp/hard\libc_nano.a(lib_a-lnumeric.o)
                0x0800c714                _C_numeric_locale
 .rodata._setlocale_r.str1.1
                0x0800c720        0x8 c:/program files (x86)/arm gnu toolchain arm-none-eabi/11.2 2022.02/bin/../lib/gcc/arm-none-eabi/11.2.1/thumb/v7e-m+fp/hard\libc_nano.a(lib_a-locale.o)
                                  0x9 (size before relaxing)
 .rodata.str1.1
                0x0800c728        0x2 c:/program files (x86)/arm gnu toolchain arm-none-eabi/11.2 2022.02/bin/../lib/gcc/arm-none-eabi/11.2.1/thumb/v7e-m+fp/hard\libc_nano.a(lib_a-locale.o)
 .rodata._Balloc.str1.1
                0x0800c728       0x5a c:/program files (x86)/arm gnu toolchain arm-none-eabi/11.2 2022.02/bin/../lib/gcc/arm-none-eabi/11.2.1/thumb/v7e-m+fp/hard\libc_nano.a(lib_a-mprec.o)
                                 0x71 (size before relaxing)
 .rodata.__multadd.str1.1
                0x0800c782       0x11 c:/program files (x86)/arm gnu toolchain arm-none-eabi/11.2 2022.02/bin/../lib/gcc/arm-none-eabi/11.2.1/thumb/v7e-m+fp/hard\libc_nano.a(lib_a-mprec.o)
 *fill*         0x0800c782        0x6 
 .rodata.__mprec_bigtens
                0x0800c788       0x28 c:/program files (x86)/arm gnu toolchain arm-none-eabi/11.2 2022.02/bin/../lib/gcc/arm-none-eabi/11.2.1/thumb/v7e-m+fp/hard\libc_nano.a(lib_a-mprec.o)
                0x0800c788                __mprec_bigtens
 .rodata.__mprec_tens
                0x0800c7b0       0xc8 c:/program files (x86)/arm gnu toolchain arm-none-eabi/11.2 2022.02/bin/../lib/gcc/arm-none-eabi/11.2.1/thumb/v7e-m+fp/hard\libc_nano.a(lib_a-mprec.o)
                0x0800c7b0                __mprec_tens
 .rodata.p05.0  0x0800c878        0xc c:/program files (x86)/arm gnu toolchain arm-none-eabi/11.2 2022.02/bin/../lib/gcc/arm-none-eabi/11.2.1/thumb/v7e-m+fp/hard\libc_nano.a(lib_a-mprec.o)
 .rodata._vfprintf_r.str1.1
                0x0800c884       0x11 c:/program files (x86)/arm gnu toolchain arm-none-eabi/11.2 2022.02/bin/../lib/gcc/arm-none-eabi/11.2.1/thumb/v7e-m+fp/hard\libc_nano.a(lib_a-nano-vfprintf.o)
 .rodata.__assert_func.str1.1
                0x0800c895       0x3c c:/program files (x86)/arm gnu toolchain arm-none-eabi/11.2 2022.02/bin/../lib/gcc/arm-none-eabi/11.2.1/thumb/v7e-m+fp/hard\libc_nano.a(lib_a-assert.o)
                                 0x3d (size before relaxing)
 *fill*         0x0800c8d1        0x7 
 .rodata.halF   0x0800c8d8       0x10 c:/program files (x86)/arm gnu toolchain arm-none-eabi/11.2 2022.02/bin/../lib/gcc/arm-none-eabi/11.2.1/thumb/v7e-m+fp/hard\libm.a(lib_a-e_exp.o)
 .rodata.ln2HI  0x0800c8e8       0x10 c:/program files (x86)/arm gnu toolchain arm-none-eabi/11.2 2022.02/bin/../lib/gcc/arm-none-eabi/11.2.1/thumb/v7e-m+fp/hard\libm.a(lib_a-e_exp.o)
 .rodata.ln2LO  0x0800c8f8       0x10 c:/program files (x86)/arm gnu toolchain arm-none-eabi/11.2 2022.02/bin/../lib/gcc/arm-none-eabi/11.2.1/thumb/v7e-m+fp/hard\libm.a(lib_a-e_exp.o)
 .rodata.Zero   0x0800c908        0x8 c:/program files (x86)/arm gnu toolchain arm-none-eabi/11.2 2022.02/bin/../lib/gcc/arm-none-eabi/11.2.1/thumb/v7e-m+fp/hard\libm.a(lib_a-ef_fmod.o)
                0x0800c910                . = ALIGN (0x4)

.ARM.extab      0x0800c910        0x0
                0x0800c910                . = ALIGN (0x4)
 *(.ARM.extab* .gnu.linkonce.armextab.*)
                0x0800c910                . = ALIGN (0x4)

.ARM            0x0800c910        0x8
                0x0800c910                . = ALIGN (0x4)
                0x0800c910                __exidx_start = .
 *(.ARM.exidx*)
 .ARM.exidx.text.__udivmoddi4
                0x0800c910        0x8 c:/program files (x86)/arm gnu toolchain arm-none-eabi/11.2 2022.02/bin/../lib/gcc/arm-none-eabi/11.2.1/thumb/v7e-m+fp/hard\libgcc.a(_udivmoddi4.o)
                0x0800c918                __exidx_end = .
                0x0800c918                . = ALIGN (0x4)

.rel.dyn        0x0800c918        0x0
 .rel.iplt      0x0800c918        0x0 c:/program files (x86)/arm gnu toolchain arm-none-eabi/11.2 2022.02/bin/../lib/gcc/arm-none-eabi/11.2.1/thumb/v7e-m+fp/hard/crtbegin.o

.preinit_array  0x0800c918        0x0
                0x0800c918                . = ALIGN (0x4)
                0x0800c918                PROVIDE (__preinit_array_start = .)
 *(.preinit_array*)
                0x0800c918                PROVIDE (__preinit_array_end = .)
                0x0800c918                . = ALIGN (0x4)

.init_array     0x0800c918        0x4
                0x0800c918                . = ALIGN (0x4)
                0x0800c918                PROVIDE (__init_array_start = .)
 *(SORT_BY_NAME(.init_array.*))
 *(.init_array*)
 .init_array    0x0800c918        0x4 c:/program files (x86)/arm gnu toolchain arm-none-eabi/11.2 2022.02/bin/../lib/gcc/arm-none-eabi/11.2.1/thumb/v7e-m+fp/hard/crtbegin.o
                0x0800c91c                PROVIDE (__init_array_end = .)
                0x0800c91c                . = ALIGN (0x4)

.fini_array     0x0800c91c        0x4
                0x0800c91c                . = ALIGN (0x4)
                [!provide]                PROVIDE (__fini_array_start = .)
 *(SORT_BY_NAME(.fini_array.*))
 *(.fini_array*)
 .fini_array    0x0800c91c        0x4 c:/program files (x86)/arm gnu toolchain arm-none-eabi/11.2 2022.02/bin/../lib/gcc/arm-none-eabi/11.2.1/thumb/v7e-m+fp/hard/crtbegin.o
                [!provide]                PROVIDE (__fini_array_end = .)
                0x0800c920                . = ALIGN (0x4)
                0x0800c920                _sidata = LOADADDR (.data)

.data           0x20000000      0x1e4 load address 0x0800c920
                0x20000000                . = ALIGN (0x4)
                0x20000000                _sdata = .
 *(.data)
 *(.data*)
 .data.position_control.1
                0x20000000        0x4 ./Core/Src/can.o
 .data.SystemCoreClock
                0x20000004        0x4 ./Core/Src/system_stm32f4xx.o
                0x20000004                SystemCoreClock
 .data.uwTickFreq
                0x20000008        0x1 ./Drivers/STM32F4xx_HAL_Driver/Src/stm32f4xx_hal.o
                0x20000008                uwTickFreq
 *fill*         0x20000009        0x3 
 .data.uwTickPrio
                0x2000000c        0x4 ./Drivers/STM32F4xx_HAL_Driver/Src/stm32f4xx_hal.o
                0x2000000c                uwTickPrio
 .data._impure_ptr
                0x20000010        0x4 c:/program files (x86)/arm gnu toolchain arm-none-eabi/11.2 2022.02/bin/../lib/gcc/arm-none-eabi/11.2.1/thumb/v7e-m+fp/hard\libc_nano.a(lib_a-impure.o)
                0x20000010                _impure_ptr
 .data.impure_data
                0x20000014       0x60 c:/program files (x86)/arm gnu toolchain arm-none-eabi/11.2 2022.02/bin/../lib/gcc/arm-none-eabi/11.2.1/thumb/v7e-m+fp/hard\libc_nano.a(lib_a-impure.o)
 .data.numempty
                0x20000074        0x2 c:/program files (x86)/arm gnu toolchain arm-none-eabi/11.2 2022.02/bin/../lib/gcc/arm-none-eabi/11.2.1/thumb/v7e-m+fp/hard\libc_nano.a(lib_a-lnumeric.o)
 *fill*         0x20000076        0x2 
 .data.__global_locale
                0x20000078      0x16c c:/program files (x86)/arm gnu toolchain arm-none-eabi/11.2 2022.02/bin/../lib/gcc/arm-none-eabi/11.2.1/thumb/v7e-m+fp/hard\libc_nano.a(lib_a-locale.o)
                0x20000078                __global_locale
 *(.RamFunc)
 *(.RamFunc*)
                0x200001e4                . = ALIGN (0x4)
                0x200001e4                _edata = .

.tm_clone_table
                0x200001e4        0x0 load address 0x0800cb04
 .tm_clone_table
                0x200001e4        0x0 c:/program files (x86)/arm gnu toolchain arm-none-eabi/11.2 2022.02/bin/../lib/gcc/arm-none-eabi/11.2.1/thumb/v7e-m+fp/hard/crtbegin.o
 .tm_clone_table
                0x200001e4        0x0 c:/program files (x86)/arm gnu toolchain arm-none-eabi/11.2 2022.02/bin/../lib/gcc/arm-none-eabi/11.2.1/thumb/v7e-m+fp/hard/crtend.o

.igot.plt       0x200001e4        0x0 load address 0x0800cb04
 .igot.plt      0x200001e4        0x0 c:/program files (x86)/arm gnu toolchain arm-none-eabi/11.2 2022.02/bin/../lib/gcc/arm-none-eabi/11.2.1/thumb/v7e-m+fp/hard/crtbegin.o
                0x200001e4                . = ALIGN (0x4)

.bss            0x200001e4     0x92f4 load address 0x0800cb04
                0x200001e4                _sbss = .
                0x200001e4                __bss_start__ = _sbss
 *(.bss)
 *(.bss*)
 .bss.completed.1
                0x200001e4        0x1 c:/program files (x86)/arm gnu toolchain arm-none-eabi/11.2 2022.02/bin/../lib/gcc/arm-none-eabi/11.2.1/thumb/v7e-m+fp/hard/crtbegin.o
 *fill*         0x200001e5        0x3 
 .bss.object.0  0x200001e8       0x18 c:/program files (x86)/arm gnu toolchain arm-none-eabi/11.2 2022.02/bin/../lib/gcc/arm-none-eabi/11.2.1/thumb/v7e-m+fp/hard/crtbegin.o
 .bss.hadc1     0x20000200       0x48 ./Core/Src/adc.o
                0x20000200                hadc1
 .bss.hadc2     0x20000248       0x48 ./Core/Src/adc.o
                0x20000248                hadc2
 .bss.hadc3     0x20000290       0x48 ./Core/Src/adc.o
                0x20000290                hadc3
 .bss.hcan1     0x200002d8       0x28 ./Core/Src/can.o
                0x200002d8                hcan1
 .bss.p_float.0
                0x20000300        0x4 ./Core/Src/can.o
 .bss.Serial2RxBuffer
                0x20000304        0x1 ./Core/Src/main.o
                0x20000304                Serial2RxBuffer
 *fill*         0x20000305        0x3 
 .bss.__float_reg
                0x20000308      0x100 ./Core/Src/main.o
                0x20000308                __float_reg
 .bss.__int_reg
                0x20000408      0x400 ./Core/Src/main.o
                0x20000408                __int_reg
 .bss.can_rx    0x20000808       0x50 ./Core/Src/main.o
                0x20000808                can_rx
 .bss.can_tx    0x20000858       0x20 ./Core/Src/main.o
                0x20000858                can_tx
 .bss.comm_encoder
                0x20000878      0x2e0 ./Core/Src/main.o
                0x20000878                comm_encoder
 .bss.comm_encoder_cal
                0x20000b58     0x850c ./Core/Src/main.o
                0x20000b58                comm_encoder_cal
 .bss.controller
                0x20009064      0x2f8 ./Core/Src/main.o
                0x20009064                controller
 .bss.drv       0x2000935c        0x6 ./Core/Src/main.o
                0x2000935c                drv
 *fill*         0x20009362        0x2 
 .bss.prefs     0x20009364       0x14 ./Core/Src/main.o
                0x20009364                prefs
 .bss.state     0x20009378        0xe ./Core/Src/main.o
                0x20009378                state
 *fill*         0x20009386        0x2 
 .bss.hspi1     0x20009388       0x58 ./Core/Src/spi.o
                0x20009388                hspi1
 .bss.hspi3     0x200093e0       0x58 ./Core/Src/spi.o
                0x200093e0                hspi3
 .bss.heap_end.0
                0x20009438        0x4 ./Core/Src/sysmem.o
 .bss.htim1     0x2000943c       0x48 ./Core/Src/tim.o
                0x2000943c                htim1
 .bss.huart2    0x20009484       0x44 ./Core/Src/usart.o
                0x20009484                huart2
 .bss.uwTick    0x200094c8        0x4 ./Drivers/STM32F4xx_HAL_Driver/Src/stm32f4xx_hal.o
                0x200094c8                uwTick
 .bss.__malloc_free_list
                0x200094cc        0x4 c:/program files (x86)/arm gnu toolchain arm-none-eabi/11.2 2022.02/bin/../lib/gcc/arm-none-eabi/11.2.1/thumb/v7e-m+fp/hard\libc_nano.a(lib_a-nano-mallocr.o)
                0x200094cc                __malloc_free_list
 .bss.__malloc_sbrk_start
                0x200094d0        0x4 c:/program files (x86)/arm gnu toolchain arm-none-eabi/11.2 2022.02/bin/../lib/gcc/arm-none-eabi/11.2.1/thumb/v7e-m+fp/hard\libc_nano.a(lib_a-nano-mallocr.o)
                0x200094d0                __malloc_sbrk_start
 .bss.errno     0x200094d4        0x4 c:/program files (x86)/arm gnu toolchain arm-none-eabi/11.2 2022.02/bin/../lib/gcc/arm-none-eabi/11.2.1/thumb/v7e-m+fp/hard\libc_nano.a(lib_a-reent.o)
                0x200094d4                errno
 *(COMMON)
                0x200094d8                . = ALIGN (0x4)
                0x200094d8                _ebss = .
                0x200094d8                __bss_end__ = _ebss

._user_heap_stack
                0x200094d8      0x600 load address 0x0800cb04
                0x200094d8                . = ALIGN (0x8)
                0x200094d8                PROVIDE (end = .)
                [!provide]                PROVIDE (_end = .)
                0x200096d8                . = (. + _Min_Heap_Size)
 *fill*         0x200094d8      0x200 
                0x20009ad8                . = (. + _Min_Stack_Size)
 *fill*         0x200096d8      0x400 
                0x20009ad8                . = ALIGN (0x8)

/DISCARD/
 libc.a(*)
 libm.a(*)
 libgcc.a(*)

.ARM.attributes
                0x00000000       0x30
 *(.ARM.attributes)
 .ARM.attributes
                0x00000000       0x1e c:/program files (x86)/arm gnu toolchain arm-none-eabi/11.2 2022.02/bin/../lib/gcc/arm-none-eabi/11.2.1/thumb/v7e-m+fp/hard/crti.o
 .ARM.attributes
                0x0000001e       0x34 c:/program files (x86)/arm gnu toolchain arm-none-eabi/11.2 2022.02/bin/../lib/gcc/arm-none-eabi/11.2.1/thumb/v7e-m+fp/hard/crtbegin.o
 .ARM.attributes
                0x00000052       0x34 ./Core/Src/adc.o
 .ARM.attributes
                0x00000086       0x34 ./Core/Src/calibration.o
 .ARM.attributes
                0x000000ba       0x34 ./Core/Src/can.o
 .ARM.attributes
                0x000000ee       0x34 ./Core/Src/drv8323.o
 .ARM.attributes